--------- beginning of main
03-16 14:48:24.871   837   891 W AString : ctor got NULL, using empty string instead
03-16 14:48:24.872   837   891 I sensors-hal-SensorSavedChannel: [1119,5843,5269,-43621,-163596,-204656]==>gyro_temp.json
03-16 14:48:24.872   837   891 W AString : ctor got NULL, using empty string instead
03-16 14:48:24.872   837   891 I sensors-hal-SensorSavedChannel: [-625,3389,-2711]==>gyro_bias.json
03-16 14:48:24.895  1361  1415 D SwtpMonitorThread: read swtp_status_buf: 0
03-16 14:48:24.968  1052  1052 D sensors-hal-oplus_sensor_fb: scp_ramdump_enabled: persist.sys.enable_mtk_scp_dump enabled
03-16 14:48:24.970  1052  1052 D sensors-hal-oplus_sensor_fb: scp_ramdump_enabled: persist.sys.enable_mtk_scp_dump enabled
--------- beginning of system
03-16 14:48:25.273  1539  3733 D ActivityManager: getProcessesInErrorState callingUid=10279, CallingPid=30213
03-16 14:48:25.777  1539  3733 D ActivityManager: getProcessesInErrorState callingUid=10279, CallingPid=30213
03-16 14:48:25.842   827   958 I hwcomposer: [HWCDisplay] [Display_0 (type:1)] fps:0.165198,dur:6053.33,max:6053.33,min:6053.33  
03-16 14:48:26.126   851   871 D power@timer: [mtkPowerTimer] visRead:0
03-16 14:48:26.126   954   973 D ccci_mdinit: (1):monitor_time_update_thread round:4875 ########
03-16 14:48:26.281  1539  3733 D ActivityManager: getProcessesInErrorState callingUid=10279, CallingPid=30213
03-16 14:48:26.471 24630 24630 I AstScreen.InfoFlowLog.NewsStyleTopImageRight: selfStatExpose, mIsExpose=false
03-16 14:48:26.784  1539  3733 D ActivityManager: getProcessesInErrorState callingUid=10279, CallingPid=30213
03-16 14:48:27.288  1539  3733 D ActivityManager: getProcessesInErrorState callingUid=10279, CallingPid=30213
03-16 14:48:27.672  1539  1889 I mtkpower_client: perf_lock_rel, hdl:2275, tid:1889
03-16 14:48:27.672   946  1321 D VRR [OTI]: handleIdle from 1 to 0
03-16 14:48:27.672   946  1321 D VRR [OTI-HW]: isStateReady 0
03-16 14:48:27.672   946  1321 D VRR [OTI-HW]: rate range: min {id=0, hwcId=0, fps=60.00, width=1080, height=2400 group=-1} cur {id=0, hwcId=0, fps=60.00, width=1080, height=2400 group=-1} max {id=1, hwcId=1, fps=90.00, width=1080, height=2400 group=-1}
03-16 14:48:27.672   946  1321 D VRR [OTI-HW]: restore sys rate.
03-16 14:48:27.672   946  1321 D SurfaceFlinger: VRR [SurfaceFlinger] changeRefreshRateLocked: 90.00fps event: 1 
03-16 14:48:27.672   946  1321 D SurfaceFlinger: VRR [SurfaceFlinger] setDesiredActiveMode: 90.00fps event: 1 
03-16 14:48:27.674  1539  2113 D OGG_Detector: D:done mCurrStatus: 0
03-16 14:48:27.675   851   931 I libPowerHal: [perfLockRel] hdl:2275, idx:0
03-16 14:48:27.675  1539  1889 I mtkpower_client: perf_lock_acq, hdl:2275, dur:0, num:4, tid:1889
03-16 14:48:27.675   851   931 I libPowerHal: system_server: hard user limit set cpu freq: -1 -1 -1 -1 -1 -1
03-16 14:48:27.675   851   931 I libPowerHal: system_server: set gpu opp level max: 0
03-16 14:48:27.675   851   931 I libPowerHal: [PD] system_server update cmd:2004100 param:2
03-16 14:48:27.676  1539  1889 I mtkpower_client: ret_hdl:2277
03-16 14:48:27.677   916   916 E ORMS_HAL: open /sys/devices/platform/soc/soc:oplus-omrg/oplus-omrg0/ruler_enable failed(No such file or directory)
03-16 14:48:27.677  2546  3055 I iopgp   : Iopgp: TRANSACTION_IOPGP_ON_KEY_DOWN sequence_id = 28 pkg_name = nup.z ret = 0
03-16 14:48:27.677   916   916 D ORMS_HAL: OrmsHalService write file /proc/sys/kernel/input_boost_enabled - 1.
03-16 14:48:27.678  1539  1889 I mtkpower_client: perf_lock_rel, hdl:2277, tid:1889
03-16 14:48:27.678  2546  3055 D iopgp   : cannot find a compiledtrace, need to start tracing on intentstart.
03-16 14:48:27.678  2546  3055 D iopgp   : Iopgp: Decide the action on keydown event done in 0ms.
03-16 14:48:27.678  1539  1889 I mtkpower_client: perf_lock_acq, hdl:2277, dur:0, num:14, tid:1889
03-16 14:48:27.679   851   931 I libPowerHal: [perfLockRel] hdl:2277, idx:0
03-16 14:48:27.679   851   931 I libPowerHal: [PD] system_server update cmd:2004100 param:2
03-16 14:48:27.680  1539  1889 I mtkpower_client: ret_hdl:2278
03-16 14:48:27.681   851   931 I libPowerHal: system_server: cpu_ctrl set cpu freq: 2000000 -1 2200000 -1 2284000 -1
03-16 14:48:27.686   827   958 I hwcomposer: [HWC] (0) displaySetActiveConfig config:1  
03-16 14:48:27.688   827   958 I hwcomposer: [HWCDisplay] [Display_0 (type:1)] fps:0.541672,dur:1846.13,max:1846.13,min:1846.13  
03-16 14:48:27.693  1539  1737 D VRR [OPlusRefreshRateService]: onConfigChanged physicalDisplayId: 0 modeId: 1
03-16 14:48:27.693   946  1321 D VRR [OTI-HW]: isStateReady 0
03-16 14:48:27.693   946  1321 D VRR [OTI-HW]: rate range: min {id=0, hwcId=0, fps=60.00, width=1080, height=2400 group=-1} cur {id=1, hwcId=1, fps=90.00, width=1080, height=2400 group=-1} max {id=1, hwcId=1, fps=90.00, width=1080, height=2400 group=-1}
03-16 14:48:27.693   946  1321 D VRR [OTI-HW]: keep rate.
03-16 14:48:27.736   851   931 I libPowerHal: [perfLockRel] hdl:2276, idx:1
03-16 14:48:27.736   851   931 I libPowerHal: [PD] MTKPOWER_HINT_APP_TOUCH update cmd:3408600 param:0
03-16 14:48:27.755  2546  3055 I iopgp   : Iopgp: TRANSACTION_IOPGP_ON_INTENT_STARTED sequence_id = 28 pkg_name = nup.z class_name = nup.z.MainActivity
03-16 14:48:27.756  2546  3055 I iopgp   : Iopgp::starttracing
03-16 14:48:27.756  2546  3055 D iopgp   : Create Perfetto handle 29
03-16 14:48:27.757  1539  3733 E system_server: No package ID 7f found for ID 0x7f0f025d.
03-16 14:48:27.757   916   916 E ORMS_HAL: open /sys/devices/platform/soc/soc:oplus-omrg/oplus-omrg0/ruler_enable failed(No such file or directory)
03-16 14:48:27.757  1539  3733 I ActivityTaskManager: START u0 {act=android.intent.action.MAIN cat=[android.intent.category.LAUNCHER] flg=0x10200000 cmp=nup.z/.MainActivity bnds=[800,1035][1052,1321] mCallingUid=10178} from uid 10178
03-16 14:48:27.757   916   916 E ORMS_HAL: open /sys/devices/platform/soc/soc:oplus-omrg/oplus-omrg0/ruler_enable failed(No such file or directory)
03-16 14:48:27.758  1539  3733 D MultiApp.CMAService: changeIntentIfNeed --- from launcher
03-16 14:48:27.758  1539  1889 I mtkpower_client: perf_lock_rel, hdl:2278, tid:1889
03-16 14:48:27.758  1539  1889 I mtkpower_client: perf_lock_acq, hdl:2278, dur:0, num:14, tid:1889
03-16 14:48:27.758   851   869 I mtkpower@impl: [check_work_req] i:0, msg:1 hdl:2278, wait
03-16 14:48:27.758   851   931 I libPowerHal: [perfLockRel] hdl:2278, idx:0
03-16 14:48:27.758   851   931 I libPowerHal: system_server: cpu_ctrl set cpu freq: -1 -1 -1 -1 -1 -1
03-16 14:48:27.758   851   931 I libPowerHal: [PD] system_server update cmd:1410000 param:0
03-16 14:48:27.759   851   931 I libPowerHal: [PD] system_server update cmd:1c3c000, param:1
03-16 14:48:27.759  1045  1045 I perfetto: ing_service_impl.cc:912 Configured tracing session 29, #sources:1, duration:5000 ms, #buffers:1, total buffer size:5120 KB, total sessions:1, uid:1000 session name: ""
03-16 14:48:27.759   851   931 I libPowerHal: [PD] system_server update cmd:2004100 param:2
03-16 14:48:27.759  1043  1043 I perfetto: probes_producer.cc:243  Ftrace setup (target_buf=29)
03-16 14:48:27.759  1539  3733 W ActivityTaskManager: Can't find TaskDisplayArea to determine support for multi window. Task id=3762 attached=false
03-16 14:48:27.759  1539  3733 D OplusZoomWindowManagerService: onConfigurationChanged rotation not changed - prevRotation: 0
03-16 14:48:27.760  1539  1889 I mtkpower_client: ret_hdl:2279
03-16 14:48:27.761  1539  3733 I OplusScreenSecurityMask: onStackAdded task = Task{3dad39f #3762 type=standard ?? U=0 visible=false mode=fullscreen translucent=true sz=0} record = null displayId = 0
03-16 14:48:27.761  1539  3733 I OplusScreenSecurityMask: onStackAdded task = Task{3dad39f #3762 type=standard A=10278:nup.z U=0 visible=false mode=fullscreen translucent=true sz=0} record = null displayId = 0
03-16 14:48:27.762  1539  3733 D CompatibilityChangeReporter: Compat change id reported: 174042980; UID 10278; state: DISABLED
03-16 14:48:27.762  1539  3733 D CompatibilityChangeReporter: Compat change id reported: 184838306; UID 10278; state: DISABLED
03-16 14:48:27.762  1539  3733 D CompatibilityChangeReporter: Compat change id reported: 185004937; UID 10278; state: DISABLED
03-16 14:48:27.762   851   931 I libPowerHal: system_server: cpu_ctrl set cpu freq: 2000000 -1 2200000 -1 2284000 -1
03-16 14:48:27.762  1539  3733 D CompatibilityChangeReporter: Compat change id reported: 181136395; UID 10278; state: DISABLED
03-16 14:48:27.762  1539  3733 D CompatibilityChangeReporter: Compat change id reported: 174042936; UID 10278; state: DISABLED
03-16 14:48:27.763  1539  3733 E WindowManager: makeSurface ActivityRecord{ca0bcec u0 nup.z/.MainActivity t3762} windowType 2
03-16 14:48:27.764  1539  3733 D TaskExtImpl: add ActivityRecord{ca0bcec u0 nup.z/.MainActivity t3762} to mActivityRecordSum = Counter{ nup.z/.MainActivity(1) }
03-16 14:48:27.765  1539  3733 D CompatibilityChangeReporter: Compat change id reported: 168419799; UID 10278; state: DISABLED
03-16 14:48:27.765   851   870 I mtkpower@impl: [setMode] type:5, enabled:1
03-16 14:48:27.765  1539  3733 D ActivityTaskManager: getStartingWindowType: newTask=true, taskSwitch=true, processRunning=false, allowTaskSnapshot=true, activityCreated=false, snapshot=null, record:ActivityRecord{ca0bcec u0 nup.z/.MainActivity t3762}
03-16 14:48:27.766  1539  3733 D OplusStartingWindowManager: window attributes color: 0 icon null duration 0 brandImage null
03-16 14:48:27.766  1539  3733 V OplusZoomWindowManagerService: windowMode: 0 ,stack: Task{3dad39f #3762 type=standard A=10278:nup.z U=0 visible=true mode=fullscreen translucent=true sz=1}
03-16 14:48:27.767  1539  3733 I PowerHalWrapper: <amsBoostResume> last:com.android.launcher, next:nup.z 
03-16 14:48:27.768   916   916 E ORMS_HAL: open /sys/devices/platform/soc/soc:oplus-omrg/oplus-omrg0/ruler_enable failed(No such file or directory)
03-16 14:48:27.768   916   916 E ORMS_HAL: open /sys/devices/platform/soc/soc:oplus-omrg/oplus-omrg0/ruler_enable failed(No such file or directory)
03-16 14:48:27.768  1539  1889 I mtkpower_client: perf_lock_rel, hdl:2279, tid:1889
03-16 14:48:27.768  1539  1889 I mtkpower_client: perf_lock_acq, hdl:2279, dur:0, num:16, tid:1889
03-16 14:48:27.769   946  2952 I SurfaceFlinger: [SF client] NEW(0xb4000074d0d65580) for (2222:com.android.systemui)
03-16 14:48:27.769   851   869 I mtkpower@impl: [check_work_req] i:0, msg:1 hdl:2279, wait
03-16 14:48:27.770  2488  2488 I Quality : Skipped: true 1
03-16 14:48:27.770   851   931 I libPowerHal: [perfLockRel] hdl:2279, idx:0
03-16 14:48:27.770   851   931 I libPowerHal: system_server: cpu_ctrl set cpu freq: -1 -1 -1 -1 -1 -1
03-16 14:48:27.770   851   931 I libPowerHal: [PD] system_server update cmd:1410000 param:0
03-16 14:48:27.772  2222  2358 D WindowManager: Add to mViews: android.widget.FrameLayout{4fe892b V.E...... ......I. 0,0-0,0},pkg= nup.z
03-16 14:48:27.772 24630 24727 I AstScreen.AtmosphereManager: windowState : 3   not care about this state!!
03-16 14:48:27.773  1539  3733 V SensorManager: call sensorServiceCommonInterface name: setScreenShotDisable
03-16 14:48:27.773   851   931 I libPowerHal: [PD] system_server update cmd:1c3c000, param:1
03-16 14:48:27.773  1539  3733 D SensorService: SensorService sensorServiceCommonInterface = setScreenShotDisable
03-16 14:48:27.773  1539  3733 D SensorServiceImpl: SensorServiceExtImpl sensorServiceCommonInterface funcName= setScreenShotDisable , flag =0, status =0
03-16 14:48:27.773  2222  2358 D ViewRootImpl[z]: hardware acceleration = true, sRendererEnabled = true, forceHwAccelerated = false
03-16 14:48:27.773  1539  3733 I OplusHansManager : front pkg: nup.z, uid: 10278, prev pkg: com.android.launcher, prev uid: 10178
03-16 14:48:27.774  1539  2770 I OplusHansManager : notifyAppGoForeground, uid=10278
03-16 14:48:27.774  1539  3733 V SensorManager: call sensorServiceCommonInterface name: setScreenShotDisable
03-16 14:48:27.774  1539  3733 D SensorService: SensorService sensorServiceCommonInterface = setScreenShotDisable
03-16 14:48:27.774  1539  3733 D SensorServiceImpl: SensorServiceExtImpl sensorServiceCommonInterface funcName= setScreenShotDisable , flag =0, status =0
03-16 14:48:27.774  1539  2237 I Osense-DecisionMaker: notifySceneToPolicy...SCENE_APP_SWITCH
03-16 14:48:27.774  1539  2237 D Osense-DecisionMaker: getCurrentSysStats, memMb: 6919
03-16 14:48:27.774  1539  2770 I OplusHansManager : enter FastFreezer, frontApp: 10278, frozen uids: [], important uids: [10279]
03-16 14:48:27.774  1539  3733 V SensorManager: call sensorServiceCommonInterface name: setScreenShotDisable
03-16 14:48:27.775  1539  3733 D SensorService: SensorService sensorServiceCommonInterface = setScreenShotDisable
03-16 14:48:27.775  1539  3733 D SensorServiceImpl: SensorServiceExtImpl sensorServiceCommonInterface funcName= setScreenShotDisable , flag =0, status =0
03-16 14:48:27.775  1539  2770 I OplusHansManager : notifyAppGoBackground, uid=10178
03-16 14:48:27.775  1539  2237 I Osense-DecisionMaker: scene: SCENE_APP_SWITCH, excutingPolicy: freezer
03-16 14:48:27.775  1539  2450 I OplusResourcePreloadManager: resume pkg: nup.z, uid:10278, prev pkg: com.android.launcher, prev uid: 10178
03-16 14:48:27.776   851   931 I libPowerHal: [PD] system_server update cmd:2004100 param:2
03-16 14:48:27.776  1539  3733 I PowerHalWrapper: amsBoostNotify pid:2488,activity:com.android.launcher.Launcher, package:com.android.launcher, mProcessCreatePacknup.z 
03-16 14:48:27.777  1539  3733 I PowerHalWrapper: state: 0 
03-16 14:48:27.777  1539  3733 I PowerHalWrapper: amsBoostNotify AMS_BOOST_PROCESS_CREATE_BOOST:false 
03-16 14:48:27.779  1539  1889 I mtkpower_client: ret_hdl:2280
03-16 14:48:27.780  1539  2314 W WindowManager: Changing focus from Window{6b59f98 u0 com.android.launcher/com.android.launcher.Launcher} to null displayId=0 Callers=com.android.server.wm.RootWindowContainer.updateFocusedWindowLocked:492 com.android.server.wm.WindowManagerService.updateFocusedWindowLocked:6010 com.android.server.wm.WindowManagerService.relayoutWindow:2600 com.android.server.wm.Session.relayout:247 
03-16 14:48:27.781  1539  2314 D Theia.NoFocusWindow: FocusWindowErrorScene CheckFreezeScreen
03-16 14:48:27.782   851   931 I libPowerHal: system_server: cpu_ctrl set cpu freq: 2000000 -1 2600000 -1 2600000 -1
03-16 14:48:27.783  1539  2989 D OplusDisplayPolicy: nup.z, no change cutoutMode: 0
03-16 14:48:27.786  1539  2989 D OplusDisplayPolicy: nup.z, no change cutoutMode: 0
03-16 14:48:27.786   946  2952 I BufferQueueDebug: [Splash Screen nup.z#0](this:0xb4000074d0db9998,id:-1,api:0,p:-1,c:-1) BufferQueue core=(946:/system/bin/surfaceflinger)
03-16 14:48:27.787  1539  3733 I FocusResolver: updateFocusedWindow,  on display 0, reason: NO_WINDOW, result:   FocusedWindows: <none>
03-16 14:48:27.788  2222  2358 I BufferQueueConsumer: [](id:8ae0000006a,api:0,p:-1,c:2222) connect: controlledByApp=false
03-16 14:48:27.788  2222  2358 I BLASTBufferQueue: [ViewRootImpl[z]#86] constructor()
03-16 14:48:27.789  2222  2948 I BufferQueueProducer: [ViewRootImpl[z]#86(BLAST Consumer)86](id:8ae0000006a,api:1,p:2222,c:2222) connect: api=1 producerControlledByApp=true
03-16 14:48:27.789  1539  1691 I PowerHalWrapper: amsBoostProcessCreate package:nup.z 
03-16 14:48:27.789  1539  1691 D SBE-LaunchIdentify: SBE boost:nup.z begin
03-16 14:48:27.790  1043  1043 I perfetto: ftrace_procfs.cc:206    enabled ftrace in /sys/kernel/tracing/
03-16 14:48:27.790  1539  1691 D CompatibilityChangeReporter: Compat change id reported: 135634846; UID 10278; state: DISABLED
03-16 14:48:27.790  1539  1691 D CompatibilityChangeReporter: Compat change id reported: 177438394; UID 10278; state: DISABLED
03-16 14:48:27.790  1539  1691 D CompatibilityChangeReporter: Compat change id reported: 135772972; UID 10278; state: DISABLED
03-16 14:48:27.790  1539  1691 D CompatibilityChangeReporter: Compat change id reported: 135754954; UID 10278; state: ENABLED
03-16 14:48:27.790  1539  2314 D ActivityManager: getProcessesInErrorState callingUid=10279, CallingPid=30213
03-16 14:48:27.790  1539  1711 D CompatibilityChangeReporter: Compat change id reported: 143937733; UID 10278; state: ENABLED
03-16 14:48:27.791  2546  3055 I iopgp   : Iopgp: TRANSACTION_IOPGP_ON_ACTIVITY_LAUNCHED sequence_id = 28 title = 
03-16 14:48:27.792  1539  1724 W System.err: android.os.DeadObjectException
03-16 14:48:27.792  1539  1724 W System.err: 	at android.os.BinderProxy.transactNative(Native Method)
03-16 14:48:27.792  1539  1724 W System.err: 	at android.os.BinderProxy.transact(BinderProxy.java:641)
03-16 14:48:27.792  1539  1724 W System.err: 	at com.oplus.heimdall.ITraceListener$Stub$Proxy.onNotify(ITraceListener.java:99)
03-16 14:48:27.792  1539  1724 W System.err: 	at com.android.server.oplus.heimdall.service.TraceService.notifyListener(TraceService.java:151)
03-16 14:48:27.792  1539  1724 W System.err: 	at com.android.server.oplus.heimdall.service.TraceService.notify(TraceService.java:130)
03-16 14:48:27.792  1539  1724 W System.err: 	at com.android.server.oplus.heimdall.trace.TraceFileObserver.onEvent(TraceFileObserver.java:29)
03-16 14:48:27.792  1539  1724 W System.err: 	at android.os.FileObserver$ObserverThread.onEvent(FileObserver.java:166)
03-16 14:48:27.792  1539  1724 W System.err: 	at android.os.FileObserver$ObserverThread.observe(Native Method)
03-16 14:48:27.792  1539  1724 W System.err: 	at android.os.FileObserver$ObserverThread.run(FileObserver.java:116)
03-16 14:48:27.793  1539  1737 D VRR [OPlusRefreshRateService]: handleConfigIdChange physicalDisplayId: 0 configId: 1
03-16 14:48:27.796  1539  1692 D OplusSplitScreenManagerService: isDragToSplitState mOplusSpiltScreenDnDUI is null, just return!
03-16 14:48:27.796  1539  1692 D OplusSplitScreenManagerService: isDragToSplitState mOplusSpiltScreenDnDUI is null, just return!
03-16 14:48:27.796  1539  1692 D OplusSplitScreenManagerService: isDragToSplitState mOplusSpiltScreenDnDUI is null, just return!
03-16 14:48:27.796  1539  1692 D OplusSplitScreenManagerService: isDragToSplitState mOplusSpiltScreenDnDUI is null, just return!
03-16 14:48:27.796   946   946 D OplusLayer: setBuffer sequence=1939, name=Splash Screen nup.z#0
03-16 14:48:27.796   946   946 I OplusLayer: VRR [FRTC] update from -1 to 0
03-16 14:48:27.797  2222 16746 D SurfaceComposerClient: VRR [FRTC] client handle [bufferId:18446744073709551615 framenumber:0] [ffffffff, ffffffff]
03-16 14:48:27.797   946   998 E surfaceflinger: == MALI DEBUG ===eglp_winsys_populate_image_templates ==12288
03-16 14:48:27.799  1539  1692 E WindowManager: makeSurface WallpaperWindowToken{5d8cd4 token=android.os.Binder@edad227} windowType 2013
03-16 14:48:27.800   804   804 D Zygote  : Forked child process 9707
03-16 14:48:27.801  1539  1711 I ActivityManager: Start proc 9707:nup.z/u0a278 for pre-top-activity {nup.z/nup.z.MainActivity}
03-16 14:48:27.803  1539  1692 I WindowStateExtImpl: onSurfaceShowChange show = true mPackageName = nup.z parentPkgName = nup.z
03-16 14:48:27.804  2488  2488 E SimulationInteractor: tryGetAnimationPainterInstance error:com.oplus.painteranimationpanel.api.AnimPainterInstance
03-16 14:48:27.804  2488  2488 D IconConfigParser: parseConfig::icon config =: IconConfig = [ isForeign : false,theme : 2,iconSize : 5000,iconShape : 0,foregroundSize : 5600,artPlusOn : 0,iconRadius ：36,darkModeIcon:1,localSpecial:false ]
03-16 14:48:27.804   946  1600 I BpBinder: onLastStrongRef automatically unlinking death recipients: <uncached descriptor>
03-16 14:48:27.805  2488  2488 D IconConfigParser: parseConfig::icon config =: IconConfig = [ isForeign : false,theme : 2,iconSize : 5000,iconShape : 0,foregroundSize : 5600,artPlusOn : 0,iconRadius ：36,darkModeIcon:1,localSpecial:false ]
03-16 14:48:27.812  9707  9707 I nup.z   : Late-enabling -Xcheck:jni
03-16 14:48:27.820   946   946 D OplusLayer: ~Layer() sequence=1933, name=Surface(name=8e6b5fd StatusBar)/@0x41a9836 - animation-leash of insets_animation#0 0xb4000074b725e800
03-16 14:48:27.820   946   946 D OplusLayer: ~Layer() sequence=1934, name=Surface(name=2e9a99 NavigationBar0)/@0x8100a4 - animation-leash of insets_animation#0 0xb4000074b7261000
03-16 14:48:27.830  9707  9707 E nup.z   : Unknown bits set in runtime_flags: 0x40000000
03-16 14:48:27.834 26777 26797 I adbd    : jdwp connection from 9707
03-16 14:48:27.837  9707  9707 D ProcessState: Binder ioctl to enable oneway spam detection failed: Invalid argument
03-16 14:48:27.840  9707  9707 I OneTrace: Mark active for pid=9707? true
03-16 14:48:27.840  9707  9707 D cutils-dev: otrace_set_tracing_enabled? true
03-16 14:48:27.842  1539  3733 V ActivityManager: New death recipient com.android.server.am.ActivityManagerService$AppDeathRecipient@9a818ab for thread android.os.BinderProxy@358cb08
03-16 14:48:27.849  1539  3733 D OplusDexOptimizeManager: Do not in AppLaunchOptList!
03-16 14:48:27.851  1539  3733 I OplusAppSwitchManagerService: appswitch hasProcess ActivityRecord{ca0bcec u0 nup.z/.MainActivity t3762}
03-16 14:48:27.851  1539  3733 I OplusJoystickManager: handleApplicationSwitch deprecated!
03-16 14:48:27.851  1539  3733 I OplusAppSwitchManagerService: appswitch hasProcess ActivityRecord{ca0bcec u0 nup.z/.MainActivity t3762}
03-16 14:48:27.851  1539  3733 I PowerHalWrapper: amsBoostNotify pid:9707,activity:nup.z.MainActivity, package:nup.z, mProcessCreatePacknup.z 
03-16 14:48:27.851  1539  3733 I PowerHalWrapper: state: 1 
03-16 14:48:27.851  1539  3733 I PowerHalWrapper: amsBoostNotify AMS_BOOST_PROCESS_CREATE_BOOST:true 
03-16 14:48:27.851  1539  3733 I InputDispatcher: setFocusedApplication displayId=0 ActivityRecord{ca0bcec u0 nup.z/.MainActivity t3762}
03-16 14:48:27.851  1539  2620 D OplusEapManager: mTargetExitName :com.android.launcher
03-16 14:48:27.852  1539  2620 V DCSEX-AppSwitchManager: OnAppSwitchObserver: onAppExit, resuming = nup.z, target = com.android.launcher, is ResumingFirstStart =  true, is ResumingMultiApp =  false, extensionInfo =  Bundle[{taskId=3762, uid=10278}]
03-16 14:48:27.852  1539  2620 D VRR [OPlusFrontAppManager]: OnAppSwitchObserver: onAppExit , info.targetName = com.android.launcher
03-16 14:48:27.852  1539  2620 D VRR [OPlusFrontAppManager]: packageName: null
03-16 14:48:27.852  1539  5828 D DCSEX-AppLaunchEventRecorder: onAppSwitch from = com.android.launcher to = nup.z
03-16 14:48:27.852  1539  1737 D VRR [OPlusRefreshRateService]: handleFrontAppChange pkgName: null
03-16 14:48:27.852  1539  1737 D VRR [OPlusExternalRefreshRateManager]: setFrontPackageName pkgName: null CurPkgName: com.android.launcher
03-16 14:48:27.852   851   931 I libPowerHal: [perfNotifyAppState] foreground:nup.z, pid:9707, uid:10278
03-16 14:48:27.852   916   916 E ORMS_HAL: open /sys/devices/platform/soc/soc:oplus-omrg/oplus-omrg0/ruler_enable failed(No such file or directory)
03-16 14:48:27.852  1539  1691 D OplusKeepAliveManager: TOP_APP is ProcessRecord{bed9797 9707:nup.z/u0a278} uid is 10278
03-16 14:48:27.852  1539  1719 E OplusThermalStats: Error getting package info: nup.z
03-16 14:48:27.852  9707  9707 D cutils-dev: properties changed in otrace_seq_number_changed!
03-16 14:48:27.852   851   931 I UxUtility: notifyForegroundApp pack:nup.z, uid:10278
03-16 14:48:27.853   851   931 I TouchUtility: notifyAppState error = NULL
03-16 14:48:27.853   916   916 E ORMS_HAL: open /sys/devices/platform/soc/soc:oplus-omrg/oplus-omrg0/ruler_enable failed(No such file or directory)
03-16 14:48:27.853  1539  1889 I mtkpower_client: perf_lock_rel, hdl:2280, tid:1889
03-16 14:48:27.853  1539  2620 D OplusEapManager: mTargetEnterName :nup.z
03-16 14:48:27.853  1539  2620 V DCSEX-AppSwitchManager: OnAppSwitchObserver: onAppEnter, launchedFrom =  com.android.launcher, target =  nup.z, is firstStart =  true, is multiApp =  false, extensionInfo =  Bundle[{taskId=3762, pid=9707, uid=10278}]
03-16 14:48:27.853  1539  2620 D VRR [OPlusFrontAppManager]: OnAppSwitchObserver: onAppEnter , info.targetName = nup.z
03-16 14:48:27.853  1539  2620 D VRR [OPlusFrontAppManager]: packageName: nup.z
03-16 14:48:27.853   851   869 I mtkpower@impl: [notifyAppState] pc:1, com.android.launcher => nup.z
03-16 14:48:27.854  1539  1737 D VRR [OPlusRefreshRateService]: handleFrontAppChange pkgName: nup.z
03-16 14:48:27.854  1539  1737 D VRR [OPlusExternalRefreshRateManager]: setFrontPackageName pkgName: nup.z CurPkgName: null
03-16 14:48:27.854  2580  6622 W Battery : ThermalControlUtils: mForegroundPkg=nup.z
03-16 14:48:27.855  3326 20532 D OplusAtlas.OplusAtlasEventDispatch: setEvent:atlas_event_on_foreground_activities_changed info:pid:9707,uid:10278,hasForegroundActivities:1
03-16 14:48:27.855  3326  3580 D OplusAtlas.OplusAudioScene: callback success event:atlas_event_on_foreground_activities_changed eventInfo:pid:9707,uid:10278,hasForegroundActivities:1
03-16 14:48:27.855  1539  1889 I mtkpower_client: perf_lock_acq, hdl:2280, dur:0, num:16, tid:1889
03-16 14:48:27.855  4047 10983 V DeepThinker: ProcessManager: onForegroundActivitiesChanged pid:9707, uid:10278, foregroundActivities:true
03-16 14:48:27.856  1539  1866 E AthenaService: MemoryGuardAction: handleAppChange
03-16 14:48:27.857   851   869 I mtkpower@impl: [check_work_req] i:0, msg:1 hdl:2280, wait
03-16 14:48:27.857  3326  3801 D OplusAtlas.OplusMessageHandler: handleMessage: Msg { when=-1ms what=2 obj=com.oplus.atlas.OplusAtlasEvent@e95fe2e target=com.oplus.atlas.OplusMessageHandler$MyHandler }
03-16 14:48:27.857 22986 23001 D ZoomAppController: ignore onAppEnter: mCurrentZoomInfo is null
03-16 14:48:27.858   851   931 I libPowerHal: [perfLockRel] hdl:2280, idx:0
03-16 14:48:27.858   851   931 I libPowerHal: system_server: cpu_ctrl set cpu freq: -1 -1 -1 -1 -1 -1
03-16 14:48:27.858   851   931 I libPowerHal: [PD] system_server update cmd:2020000 param:1
03-16 14:48:27.858   851   931 I libPowerHal: [PD] system_server update cmd:1410000 param:0
03-16 14:48:27.859 22940 28934 I obrain  : app forground called:nup.z
03-16 14:48:27.859   851   931 I libPowerHal: [PD] system_server update cmd:1c3c000, param:1
03-16 14:48:27.859   851   931 I libPowerHal: [PD] system_server update cmd:2004100 param:2
03-16 14:48:27.859   928   928 D vendor.oplus.hardware.rpmh@2.0-service: getPowerStateSubsystemSleepState
03-16 14:48:27.859   874   874 I CameraMidasService: The size of PowerFactor is 120 ,The size of PowerFactors is 0, The memory size of PowerFactors is 0
03-16 14:48:27.859   928   928 D vendor.oplus.hardware.rpmh@2.0-service: file path: 
03-16 14:48:27.859   928   928 E vendor.oplus.hardware.rpmh@2.0-service: file path is empty
03-16 14:48:27.859   928   928 D vendor.oplus.hardware.rpmh@2.0-service: getPowerStateSubsystemSleepState
03-16 14:48:27.859   928   928 D vendor.oplus.hardware.rpmh@2.0-service: file path: 
03-16 14:48:27.859   928   928 E vendor.oplus.hardware.rpmh@2.0-service: file path is empty
03-16 14:48:27.860   928   928 D vendor.oplus.hardware.rpmh@2.0-service: getPowerStateSubsystemSleepState
03-16 14:48:27.860   928   928 D vendor.oplus.hardware.rpmh@2.0-service: file path: 
03-16 14:48:27.860   928   928 E vendor.oplus.hardware.rpmh@2.0-service: file path is empty
03-16 14:48:27.860   928   928 D vendor.oplus.hardware.rpmh@2.0-service: getPowerStateSubsystemSleepState
03-16 14:48:27.860   928   928 D vendor.oplus.hardware.rpmh@2.0-service: file path: 
03-16 14:48:27.860   928   928 E vendor.oplus.hardware.rpmh@2.0-service: file path is empty
03-16 14:48:27.860   928   928 D vendor.oplus.hardware.rpmh@2.0-service: getPowerStateSubsystemSleepState
03-16 14:48:27.860   928   928 D vendor.oplus.hardware.rpmh@2.0-service: file path: 
03-16 14:48:27.860   928   928 E vendor.oplus.hardware.rpmh@2.0-service: file path is empty
03-16 14:48:27.860  1539  4477 D OplusNetworkStatsServiceEx: getNetworkStatsFromProviders 0, NetworkStats: elapsedRealtime=0
03-16 14:48:27.860  1539  2989 D OplusPowerMonitor: OplusWakeLockInfo{binderhash=259967621flags=1, tag=RILJ_ACK_WL, duration=197, starttime=258497333, packageName='com.android.phone', uid=1001, pid=2452}
03-16 14:48:27.860  1539  4477 D OplusNetworkStatsServiceEx: getNetworkStatsFromProviders 1, NetworkStats: elapsedRealtime=0
03-16 14:48:27.860   928   928 D vendor.oplus.hardware.rpmh@2.0-service: getPowerStateSubsystemSleepState
03-16 14:48:27.860   928   928 D vendor.oplus.hardware.rpmh@2.0-service: file path: 
03-16 14:48:27.860   928   928 E vendor.oplus.hardware.rpmh@2.0-service: file path is empty
03-16 14:48:27.860  1539  1889 I mtkpower_client: ret_hdl:2281
03-16 14:48:27.860   874   874 I CameraMidasService: getExplorerInfo The size of ExplorerInfo is 200 ,The size of ExplorerInfo is 0, The memory size of ExplorerInfo is 0
03-16 14:48:27.860   928   928 D vendor.oplus.hardware.rpmh@2.0-service: getPowerStateSubsystemSleepState
03-16 14:48:27.860   928   928 D vendor.oplus.hardware.rpmh@2.0-service: file path: 
03-16 14:48:27.860   928   928 E vendor.oplus.hardware.rpmh@2.0-service: file path is empty
03-16 14:48:27.861  1539  2098 D OplusNetlinkSocket: handleNetlinkRecvKernelMessage:nlmsghdr:StructNlMsgHdr{ nlmsg_len{2524}, nlmsg_type{27()}, nlmsg_flags{0())}, nlmsg_seq{0}, nlmsg_pid{100862002} }
03-16 14:48:27.861  3376  3403 D midasd  : rm 444, fcc 3928, pchq 842, reset 45, level 12, usb 475
03-16 14:48:27.861   588   588 I hwservicemanager: getTransport: Cannot find entry vendor.oplus.hardware.handlefactory@1.0::IHandleFactory/default in either framework or device VINTF manifest.
03-16 14:48:27.861   928   928 D vendor.oplus.hardware.rpmh@2.0-service: getPowerStateSubsystemSleepState
03-16 14:48:27.861   928   928 D vendor.oplus.hardware.rpmh@2.0-service: file path: 
03-16 14:48:27.861   928   928 E vendor.oplus.hardware.rpmh@2.0-service: file path is empty
03-16 14:48:27.861 22940 28932 E HandleFactory: Failed to get IHandleFactory hal service, null
03-16 14:48:27.861  9707  9707 D CompatibilityChangeReporter: Compat change id reported: 171979766; UID 10278; state: ENABLED
03-16 14:48:27.861   851   931 I libPowerHal: system_server: cpu_ctrl set cpu freq: 2000000 -1 2600000 -1 2600000 -1
03-16 14:48:27.861  9707  9707 I oplus.android.OplusFrameworkFactoryImpl: get feature:IOplusAutoResolutionFeature
03-16 14:48:27.861  9707  9707 I oplus.android.OplusFrameworkFactoryImpl: getOplusAutoResolutionFeature
03-16 14:48:27.862  2580  6622 W Battery : ThermalControllHandler: tempLevel=2,userMode=2,gameUserMode=-1,appType=-1,envTempType=0,appStates=[]
03-16 14:48:27.863   928   928 D vendor.oplus.hardware.rpmh@2.0-service: getPowerStateSubsystemSleepState
03-16 14:48:27.863   928   928 D vendor.oplus.hardware.rpmh@2.0-service: file path: 
03-16 14:48:27.863   928   928 E vendor.oplus.hardware.rpmh@2.0-service: file path is empty
03-16 14:48:27.863   588   588 I hwservicemanager: getTransport: Cannot find entry vendor.oplus.hardware.handlefactory@1.0::IHandleFactory/default in either framework or device VINTF manifest.
03-16 14:48:27.863   928   928 D vendor.oplus.hardware.rpmh@2.0-service: getPowerStateSubsystemSleepState
03-16 14:48:27.863   928   928 D vendor.oplus.hardware.rpmh@2.0-service: file path: 
03-16 14:48:27.863   928   928 E vendor.oplus.hardware.rpmh@2.0-service: file path is empty
03-16 14:48:27.863 22940 28922 E HandleFactory: Failed to get IHandleFactory hal service, null
03-16 14:48:27.863   928   928 D vendor.oplus.hardware.rpmh@2.0-service: getPowerStateSubsystemSleepState
03-16 14:48:27.863   928   928 D vendor.oplus.hardware.rpmh@2.0-service: file path: 
03-16 14:48:27.863   928   928 E vendor.oplus.hardware.rpmh@2.0-service: file path is empty
03-16 14:48:27.864   928   928 D vendor.oplus.hardware.rpmh@2.0-service: getPowerStateSubsystemSleepState
03-16 14:48:27.864   928   928 D vendor.oplus.hardware.rpmh@2.0-service: file path: 
03-16 14:48:27.864   928   928 E vendor.oplus.hardware.rpmh@2.0-service: file path is empty
03-16 14:48:27.864   588   588 I hwservicemanager: getTransport: Cannot find entry vendor.oplus.hardware.handlefactory@1.0::IHandleFactory/default in either framework or device VINTF manifest.
03-16 14:48:27.864  2580  6622 W Battery : ThermalControllHandler: tempGear=2,configItemName=common_config
03-16 14:48:27.864  2580  4827 W Battery : ThermalControllHandler: MSG_THERMAL_CONTROL_CATEGORY_CHANGED
03-16 14:48:27.864 22940 28932 E HandleFactory: Failed to get IHandleFactory hal service, null
03-16 14:48:27.866  1539  4477 D OplusGameRotationService: lockRotationInGame: change state to 0
03-16 14:48:27.873  9707  9707 W libc    : Access denied finding property "ro.odm.prev.product.name"
03-16 14:48:27.874  9707  9707 D LoadedApk: mApplicationInfo overrideDisplayId:null
03-16 14:48:27.875  3377  3409 E oiface  : get gpu freq table failed
03-16 14:48:27.876  3377  3409 E oiface  : get gpu freq table failed
03-16 14:48:27.876  1539  4477 D OplusAppListInterceptManager: shouldFilterTask
03-16 14:48:27.876  1539  4477 D OplusAppListInterceptManager: shouldFilterTask::packageName = nup.z
03-16 14:48:27.876  1539  4477 D OplusAppListInterceptManager: shouldFilterTask
03-16 14:48:27.876  1539  4477 D OplusAppListInterceptManager: shouldFilterTask::packageName = com.tencent.mm
03-16 14:48:27.888   946   946 D OplusSurfaceFlinger: RESOLUTION > bounds(0,0,1080,2400), frame(0,0,1080,2400) FHD(1080, 2400), QHD(1080, 2400) mCurrentResolution=2 orientation = 0
03-16 14:48:27.935  1539  1555 W System  : A resource failed to call release. 
03-16 14:48:27.936  1539  1555 W System  : A resource failed to call release. 
03-16 14:48:27.936  1539  1555 W System  : A resource failed to call release. 
03-16 14:48:27.936  1539  1555 W System  : A resource failed to call release. 
03-16 14:48:27.954  9707  9707 I Quality : LaunchTime2.0: nup.z createOrUpdateClassLoaderLocked took time: 79
03-16 14:48:27.958  9707  9707 V GraphicsEnvironment: ANGLE Developer option for 'nup.z' set to: 'default'
03-16 14:48:27.958  9707  9707 V GraphicsEnvironment: App is not on the allowlist for updatable production driver.
03-16 14:48:27.961  9707  9707 D NetworkSecurityConfig: No Network Security Config specified, using platform default
03-16 14:48:27.961  9707  9707 D NetworkSecurityConfig: No Network Security Config specified, using platform default
03-16 14:48:27.974  9707  9707 I Quality : BindApplication: nup.z
03-16 14:48:27.976   916   916 E ORMS_HAL: open /sys/devices/platform/soc/soc:oplus-omrg/oplus-omrg0/ruler_enable failed(No such file or directory)
03-16 14:48:27.976   916   916 E ORMS_HAL: open /sys/devices/platform/soc/soc:oplus-omrg/oplus-omrg0/ruler_enable failed(No such file or directory)
03-16 14:48:27.977  1539  1889 I mtkpower_client: perf_lock_rel, hdl:2281, tid:1889
03-16 14:48:27.977  1539  1889 I mtkpower_client: perf_lock_acq, hdl:2281, dur:0, num:16, tid:1889
03-16 14:48:27.977   851   931 I libPowerHal: [perfLockRel] hdl:2281, idx:0
03-16 14:48:27.978   851   931 I libPowerHal: system_server: cpu_ctrl set cpu freq: -1 -1 -1 -1 -1 -1
03-16 14:48:27.978   851   931 I libPowerHal: [PD] system_server update cmd:2020000 param:1
03-16 14:48:27.978   851   931 I libPowerHal: [PD] system_server update cmd:1410000 param:0
03-16 14:48:27.979   851   931 I libPowerHal: [PD] system_server update cmd:1c3c000, param:1
03-16 14:48:27.979   851   931 I libPowerHal: [PD] system_server update cmd:2004100 param:2
03-16 14:48:27.980  1539  1889 I mtkpower_client: ret_hdl:2282
03-16 14:48:27.980  1539  4477 W ActivityManager: setGlThreads detect 9707 9728
03-16 14:48:27.980   851   931 I libPowerHal: system_server: cpu_ctrl set cpu freq: 2000000 -1 2600000 -1 2600000 -1
03-16 14:48:27.984  9707  9730 E nup.z   : Loaded layer handle (1517116873652850839) for layer /my_product/lib64/libcolorx-loader.so
03-16 14:48:27.985  9707  9730 E nup.z   : Looking for entrypoint ColorX_Check
03-16 14:48:27.985  9707  9730 E nup.z   : Found ColorX_Check for /my_product/lib64/libcolorx-loader.so
03-16 14:48:27.985  9707  9730 E nup.z   : Check failed
03-16 14:48:27.986  9707  9730 D libMEOW : meow new tls: 0xb40000760c6bf540
03-16 14:48:27.986  9707  9730 D libMEOW : meow reload base cfg path: na
03-16 14:48:27.986  9707  9730 D libMEOW : meow reload overlay cfg path: na
03-16 14:48:27.986  9707  9730 W QT      : qt_process_init() called
03-16 14:48:27.986  9707  9730 E QT      : [QT]file does not exist
03-16 14:48:27.987  9707  9730 W QT      : Support!!
03-16 14:48:27.987  9707  9730 E QT      : [QT]file does not exist
03-16 14:48:27.988  9707  9730 D libMEOW : applied 1 plugins for [nup.z]:
03-16 14:48:27.988  9707  9730 D libMEOW :   plugin 1: [libMEOW_gift.so]:
03-16 14:48:27.989  9707  9730 D libMEOW : meow delete tls: 0xb40000760c6bf540
03-16 14:48:28.012  9707  9707 E MultiApp.Impl: OplusMultiAppImpl
03-16 14:48:28.013  9707  9707 D AppCompatDelegate: Checking for metadata for AppLocalesMetadataHolderService : Service not found
03-16 14:48:28.033  9707  9707 I oplus.android.OplusFrameworkFactoryImpl: Unknow feature:IOplusTextViewRTLUtilForUG
03-16 14:48:28.040  1539  4477 W OplusNavigationBarUtil: color navigation bar util isn't init.
03-16 14:48:28.045  9707  9707 D ScrollOptimizationHelper: can't find the config file for optimizaiton
03-16 14:48:28.045  9707  9707 D ScrollOptimizationHelper: will not debug for debug is false
03-16 14:48:28.045  9707  9707 I oplus.android.OplusFrameworkFactoryImpl: get feature:IOplusDynamicVsyncFeature
03-16 14:48:28.045  9707  9707 I oplus.android.OplusFrameworkFactoryImpl: get feature:IOplusDynamicVsyncFeature
03-16 14:48:28.045  9707  9707 I oplus.android.OplusFrameworkFactoryImpl: get feature:IOplusDynamicVsyncFeature
03-16 14:48:28.047  9707  9707 D AndroidRuntime: Shutting down VM
--------- beginning of crash
03-16 14:48:28.049  9707  9707 E AndroidRuntime: FATAL EXCEPTION: main
03-16 14:48:28.049  9707  9707 E AndroidRuntime: Process: nup.z, PID: 9707
03-16 14:48:28.049  9707  9707 E AndroidRuntime: java.lang.RuntimeException: Unable to start activity ComponentInfo{nup.z/nup.z.MainActivity}: android.view.InflateException: Binary XML file line #31 in android:layout/screen_toolbar: Binary XML file line #31 in android:layout/screen_toolbar: Error inflating class com.android.internal.widget.ActionBarContainer
03-16 14:48:28.049  9707  9707 E AndroidRuntime: 	at android.app.ActivityThread.performLaunchActivity(ActivityThread.java:3813)
03-16 14:48:28.049  9707  9707 E AndroidRuntime: 	at android.app.ActivityThread.handleLaunchActivity(ActivityThread.java:3975)
03-16 14:48:28.049  9707  9707 E AndroidRuntime: 	at android.app.servertransaction.LaunchActivityItem.execute(LaunchActivityItem.java:103)
03-16 14:48:28.049  9707  9707 E AndroidRuntime: 	at android.app.servertransaction.TransactionExecutor.executeCallbacks(TransactionExecutor.java:135)
03-16 14:48:28.049  9707  9707 E AndroidRuntime: 	at android.app.servertransaction.TransactionExecutor.execute(TransactionExecutor.java:95)
03-16 14:48:28.049  9707  9707 E AndroidRuntime: 	at android.app.ActivityThread$H.handleMessage(ActivityThread.java:2377)
03-16 14:48:28.049  9707  9707 E AndroidRuntime: 	at android.os.Handler.dispatchMessage(Handler.java:106)
03-16 14:48:28.049  9707  9707 E AndroidRuntime: 	at android.os.Looper.loopOnce(Looper.java:233)
03-16 14:48:28.049  9707  9707 E AndroidRuntime: 	at android.os.Looper.loop(Looper.java:344)
03-16 14:48:28.049  9707  9707 E AndroidRuntime: 	at android.app.ActivityThread.main(ActivityThread.java:8205)
03-16 14:48:28.049  9707  9707 E AndroidRuntime: 	at java.lang.reflect.Method.invoke(Native Method)
03-16 14:48:28.049  9707  9707 E AndroidRuntime: 	at com.android.internal.os.RuntimeInit$MethodAndArgsCaller.run(RuntimeInit.java:589)
03-16 14:48:28.049  9707  9707 E AndroidRuntime: 	at com.android.internal.os.ZygoteInit.main(ZygoteInit.java:1071)
03-16 14:48:28.049  9707  9707 E AndroidRuntime: Caused by: android.view.InflateException: Binary XML file line #31 in android:layout/screen_toolbar: Binary XML file line #31 in android:layout/screen_toolbar: Error inflating class com.android.internal.widget.ActionBarContainer
03-16 14:48:28.049  9707  9707 E AndroidRuntime: Caused by: android.view.InflateException: Binary XML file line #31 in android:layout/screen_toolbar: Error inflating class com.android.internal.widget.ActionBarContainer
03-16 14:48:28.049  9707  9707 E AndroidRuntime: Caused by: java.lang.reflect.InvocationTargetException
03-16 14:48:28.049  9707  9707 E AndroidRuntime: 	at java.lang.reflect.Constructor.newInstance0(Native Method)
03-16 14:48:28.049  9707  9707 E AndroidRuntime: 	at java.lang.reflect.Constructor.newInstance(Constructor.java:343)
03-16 14:48:28.049  9707  9707 E AndroidRuntime: 	at android.view.LayoutInflater.createView(LayoutInflater.java:858)
03-16 14:48:28.049  9707  9707 E AndroidRuntime: 	at android.view.LayoutInflater.createViewFromTag(LayoutInflater.java:1014)
03-16 14:48:28.049  9707  9707 E AndroidRuntime: 	at android.view.LayoutInflater.createViewFromTag(LayoutInflater.java:965)
03-16 14:48:28.049  9707  9707 E AndroidRuntime: 	at android.view.LayoutInflater.rInflate(LayoutInflater.java:1144)
03-16 14:48:28.049  9707  9707 E AndroidRuntime: 	at android.view.LayoutInflater.rInflateChildren(LayoutInflater.java:1105)
03-16 14:48:28.049  9707  9707 E AndroidRuntime: 	at android.view.LayoutInflater.inflate(LayoutInflater.java:686)
03-16 14:48:28.049  9707  9707 E AndroidRuntime: 	at android.view.LayoutInflater.inflate(LayoutInflater.java:538)
03-16 14:48:28.049  9707  9707 E AndroidRuntime: 	at android.view.LayoutInflater.inflate(LayoutInflater.java:485)
03-16 14:48:28.049  9707  9707 E AndroidRuntime: 	at com.android.internal.policy.DecorView.onResourcesLoaded(DecorView.java:2370)
03-16 14:48:28.049  9707  9707 E AndroidRuntime: 	at com.android.internal.policy.PhoneWindow.generateLayout(PhoneWindow.java:2688)
03-16 14:48:28.049  9707  9707 E AndroidRuntime: 	at com.android.internal.policy.PhoneWindow.installDecor(PhoneWindow.java:2751)
03-16 14:48:28.049  9707  9707 E AndroidRuntime: 	at com.android.internal.policy.PhoneWindow.getDecorView(PhoneWindow.java:2156)
03-16 14:48:28.049  9707  9707 E AndroidRuntime: 	at nup.z.MainActivity.onCreate(MainActivity.java:32)
03-16 14:48:28.049  9707  9707 E AndroidRuntime: 	at android.app.Activity.performCreate(Activity.java:8130)
03-16 14:48:28.049  9707  9707 E AndroidRuntime: 	at android.app.Activity.performCreate(Activity.java:8110)
03-16 14:48:28.049  9707  9707 E AndroidRuntime: 	at android.app.Instrumentation.callActivityOnCreate(Instrumentation.java:1343)
03-16 14:48:28.049  9707  9707 E AndroidRuntime: 	at android.app.ActivityThread.performLaunchActivity(ActivityThread.java:3782)
03-16 14:48:28.049  9707  9707 E AndroidRuntime: 	at android.app.ActivityThread.handleLaunchActivity(ActivityThread.java:3975)
03-16 14:48:28.049  9707  9707 E AndroidRuntime: 	at android.app.servertransaction.LaunchActivityItem.execute(LaunchActivityItem.java:103)
03-16 14:48:28.049  9707  9707 E AndroidRuntime: 	at android.app.servertransaction.TransactionExecutor.executeCallbacks(TransactionExecutor.java:135)
03-16 14:48:28.049  9707  9707 E AndroidRuntime: 	at android.app.servertransaction.TransactionExecutor.execute(TransactionExecutor.java:95)
03-16 14:48:28.049  9707  9707 E AndroidRuntime: 	at android.app.ActivityThread$H.handleMessage(ActivityThread.java:2377)
03-16 14:48:28.049  9707  9707 E AndroidRuntime: 	at android.os.Handler.dispatchMessage(Handler.java:106)
03-16 14:48:28.049  9707  9707 E AndroidRuntime: 	at android.os.Looper.loopOnce(Looper.java:233)
03-16 14:48:28.049  9707  9707 E AndroidRuntime: 	at android.os.Looper.loop(Looper.java:344)
03-16 14:48:28.049  9707  9707 E AndroidRuntime: 	at android.app.ActivityThread.main(ActivityThread.java:8205)
03-16 14:48:28.049  9707  9707 E AndroidRuntime: 	at java.lang.reflect.Method.invoke(Native Method)
03-16 14:48:28.049  9707  9707 E AndroidRuntime: 	at com.android.internal.os.RuntimeInit$MethodAndArgsCaller.run(RuntimeInit.java:589)
03-16 14:48:28.049  9707  9707 E AndroidRuntime: 	at com.android.internal.os.ZygoteInit.main(ZygoteInit.java:1071)
03-16 14:48:28.049  9707  9707 E AndroidRuntime: Caused by: java.lang.UnsupportedOperationException: Failed to resolve attribute at index 13: TypedValue{t=0x2/d=0x1010433 a=1}
03-16 14:48:28.049  9707  9707 E AndroidRuntime: 	at android.content.res.TypedArray.getDrawableForDensity(TypedArray.java:998)
03-16 14:48:28.049  9707  9707 E AndroidRuntime: 	at android.content.res.TypedArray.getDrawable(TypedArray.java:982)
03-16 14:48:28.049  9707  9707 E AndroidRuntime: 	at android.view.View.<init>(View.java:5559)
03-16 14:48:28.049  9707  9707 E AndroidRuntime: 	at android.view.ViewGroup.<init>(ViewGroup.java:707)
03-16 14:48:28.049  9707  9707 E AndroidRuntime: 	at android.widget.FrameLayout.<init>(FrameLayout.java:99)
03-16 14:48:28.049  9707  9707 E AndroidRuntime: 	at android.widget.FrameLayout.<init>(FrameLayout.java:94)
03-16 14:48:28.049  9707  9707 E AndroidRuntime: 	at android.widget.FrameLayout.<init>(FrameLayout.java:89)
03-16 14:48:28.049  9707  9707 E AndroidRuntime: 	at com.android.internal.widget.ActionBarContainer.<init>(ActionBarContainer.java:57)
03-16 14:48:28.049  9707  9707 E AndroidRuntime: 	... 31 more
03-16 14:48:28.051  1539  2429 D OplusAppStartupMonitor: notifyUnstableAppInfo: Bundle[{unstableTime=1678949308051, reason=crash, userId=0, safecenter=unstable, exceptionMsg=Failed to resolve attribute at index 13: TypedValue{t=0x2/d=0x1010433 a=1}, exceptionClass=java.lang.UnsupportedOperationException, packageName=nup.z, unstable_restrict_switch=true}]
03-16 14:48:28.051   851   931 D RilUtility: notify_rild_crash_pid_set certPid:-1, crash:9707, scn:0x0
03-16 14:48:28.051  3847  5195 I Athena  : StartupManager: onUpdateUnstableRecord: unstable crash!
03-16 14:48:28.052  1539  4477 D OplusAmsUtilsFeatrue: detectExceptionsForOIDT type:0
03-16 14:48:28.053  1539  4477 W ActivityTaskManager:   Force finishing activity nup.z/.MainActivity
03-16 14:48:28.053   916   916 E ORMS_HAL: open /sys/devices/platform/soc/soc:oplus-omrg/oplus-omrg0/ruler_enable failed(No such file or directory)
03-16 14:48:28.053  1539  9731 I DropBoxManagerService: add tag=data_app_crash isTagEnabled=true flags=0x2
03-16 14:48:28.053  1539  4477 I InputDispatcher: setFocusedApplication displayId=0 ActivityRecord{80da386 u0 com.android.launcher/.Launcher t5}
03-16 14:48:28.054  1539  4477 V OplusZoomWindowManagerService: prepareZoomTransition: curStack=Task{3dad39f #3762 type=standard A=10278:nup.z U=0 visible=false mode=fullscreen translucent=true sz=1}   nextStackTask{8761cfd #1 type=home ?? U=0 visible=true mode=fullscreen translucent=true sz=1}
03-16 14:48:28.054   916   916 E ORMS_HAL: open /sys/devices/platform/soc/soc:oplus-omrg/oplus-omrg0/ruler_enable failed(No such file or directory)
03-16 14:48:28.054  1539  1889 I mtkpower_client: perf_lock_rel, hdl:2282, tid:1889
03-16 14:48:28.054  1539  1889 I mtkpower_client: perf_lock_acq, hdl:2282, dur:0, num:16, tid:1889
03-16 14:48:28.054   851   931 I libPowerHal: [perfLockRel] hdl:2282, idx:0
03-16 14:48:28.054   851   931 I libPowerHal: system_server: cpu_ctrl set cpu freq: -1 -1 -1 -1 -1 -1
03-16 14:48:28.054   851   931 I libPowerHal: [PD] system_server update cmd:2020000 param:1
03-16 14:48:28.054   851   931 I libPowerHal: [PD] system_server update cmd:1410000 param:0
03-16 14:48:28.054   851   931 I libPowerHal: [PD] system_server update cmd:1c3c000, param:1
03-16 14:48:28.055   851   931 I libPowerHal: [PD] system_server update cmd:2004100 param:2
03-16 14:48:28.055  1539  9731 D DropBoxManagerService: file :: /data/system/dropbox/data_app_crash@1678949308054.txt
03-16 14:48:28.055  1539  9731 W AES     : Exception Log handling...
03-16 14:48:28.055  1539  9731 W AES     : Skipped - do not care third party apk
03-16 14:48:28.055  1539  1889 I mtkpower_client: ret_hdl:2283
03-16 14:48:28.055   916   916 E ORMS_HAL: open /sys/devices/platform/soc/soc:oplus-omrg/oplus-omrg0/ruler_enable failed(No such file or directory)
03-16 14:48:28.055   851   931 I libPowerHal: system_server: cpu_ctrl set cpu freq: 2000000 -1 2600000 -1 2600000 -1
03-16 14:48:28.056   916   916 E ORMS_HAL: open /sys/devices/platform/soc/soc:oplus-omrg/oplus-omrg0/ruler_enable failed(No such file or directory)
03-16 14:48:28.056  1539  1889 I mtkpower_client: perf_lock_rel, hdl:2283, tid:1889
03-16 14:48:28.056  1539  9581 W OplusSelfProtectManager: pkg[com.oplus.crashbox] not in policy list
03-16 14:48:28.056  1539  1717 W BroadcastQueue: Background execution not allowed: receiving Intent { act=android.intent.action.DROPBOX_ENTRY_ADDED flg=0x10 (has extras) } to com.google.android.gms/.stats.service.DropBoxEntryAddedReceiver
03-16 14:48:28.056  1539  1717 W BroadcastQueue: Background execution not allowed: receiving Intent { act=android.intent.action.DROPBOX_ENTRY_ADDED flg=0x10 (has extras) } to com.google.android.gms/.chimera.GmsIntentOperationService$PersistentTrustedReceiver
03-16 14:48:28.057  9707  9707 I Process : Sending signal. PID: 9707 SIG: 9
03-16 14:48:28.057  1539  1889 I mtkpower_client: perf_lock_acq, hdl:2283, dur:0, num:16, tid:1889
03-16 14:48:28.057  1539  1691 I Quality : LaunchTime2.0: nup.z/.MainActivity 1 289
03-16 14:48:28.058  2546  3055 I iopgp   : Iopgp: TRANSACTION_IOPGP_ON_ACTIVITY_LAUNCH_CANCELLED sequence_id = 28 title = 
03-16 14:48:28.058  2546  3055 I iopgp   : Iopgp::abort tracing.
03-16 14:48:28.058   851   931 I libPowerHal: [perfLockRel] hdl:2283, idx:0
03-16 14:48:28.058   851   931 I libPowerHal: system_server: cpu_ctrl set cpu freq: -1 -1 -1 -1 -1 -1
03-16 14:48:28.058   851   931 I libPowerHal: [PD] system_server update cmd:2020000 param:1
03-16 14:48:28.058   851   931 I libPowerHal: [PD] system_server update cmd:1410000 param:0
03-16 14:48:28.059   851   931 I libPowerHal: [PD] system_server update cmd:1c3c000, param:1
03-16 14:48:28.059   851   931 I libPowerHal: [PD] system_server update cmd:2004100 param:2
