03-16 14:48:28.060  1539  1889 I mtkpower_client: ret_hdl:2284
03-16 14:48:28.060   851   931 I libPowerHal: system_server: cpu_ctrl set cpu freq: 2000000 -1 2200000 -1 2284000 -1
03-16 14:48:28.061  1539  4477 D OplusKeepAliveManager: TOP_APP is ProcessRecord{a2922be 2488:com.android.launcher/u0a178} uid is 10178
03-16 14:48:28.061  1539  1719 E OplusThermalStats: Error getting package info: com.android.launcher
03-16 14:48:28.076  1539  1558 V ActivityManager: Death received in com.android.server.am.ActivityManagerService$AppDeathRecipient@9a818ab for thread android.os.BinderProxy@358cb08
03-16 14:48:28.077   804   804 I Zygote  : Process 9707 exited due to signal 9 (Killed)
03-16 14:48:28.077  1539  1712 I libprocessgroup: Successfully killed process cgroup uid 10278 pid 9707 in 0ms
03-16 14:48:28.077  1539  1558 D TheiaManager: com.android.server.wm.OplusWindowManagerService@12e5a04 getDeclaredField : com.android.server.wm.WindowManagerService.mRoot
03-16 14:48:28.077  1539  1558 D TheiaManager: com.android.server.wm.RootWindowContainer@1d0a782 callDeclaredMethod : com.android.server.wm.RootWindowContainer.getTopFocusedDisplayContent param[] null args[]null
03-16 14:48:28.078  1539  1558 D TheiaManager: Display 0 info=DisplayInfo{"内置屏幕", displayId 0", displayGroupId 0, FLAG_SECURE, FLAG_SUPPORTS_PROTECTED_BUFFERS, FLAG_TRUSTED, real 1080 x 2400, largest app 2161 x 2161, smallest app 1080 x 973, appVsyncOff 7955555, presDeadline 17488889, mode 2, defaultMode 1, modes [{id=1, width=1080, height=2400, fps=60.0, alternativeRefreshRates=[90.0]}, {id=2, width=1080, height=2400, fps=90.0, alternativeRefreshRates=[60.0]}], hdrCapabilities HdrCapabilities{mSupportedHdrTypes=[2, 3, 4], mMaxLuminance=500.0, mMaxAverageLuminance=500.0, mMinLuminance=0.0}, userDisabledHdrTypes [], minimalPostProcessingSupported false, rotation 0, state ON, type INTERNAL, uniqueId "local:0", app 1080 x 2161, density 480 (409.432 x 409.127) dpi, layerStack 0, colorMode 0, supportedColorModes [0], address {port=0}, deviceProductInfo null, removeMode 0, refreshRateOverride 0.0, brightnessMinimum 0.0, brightnessMaximum 1.0, brightnessDefault 2746.0} rootTasks=[WindowedMagnification:0:31@191709037, HideDisplayCutout:32:55@173726168, Leaf:56:57@90235067, HideDisplayCutout:58:99@123302592, Leaf:100:100@198716483] getDeclaredField : com.android.server.wm.DisplayContent.mFocusedApp
03-16 14:48:28.078  1539  1558 D TheiaManager: ActivityRecord{80da386 u0 com.android.launcher/.Launcher t5} callDeclaredMethod : com.android.server.wm.ActivityRecord.getPid param[] null args[]null
03-16 14:48:28.079  1539  1558 E TheiaManager: [tagL]: calling catchLog()..., focusedPid:2488 pids:[2488]
03-16 14:48:28.079  1539  1558 D TheiaManager: No stackTrace found in args
03-16 14:48:28.079  1539  1558 D TheiaManager: KEY:logTypeVALUE:ApplicationFGCrash
03-16 14:48:28.079  1539  1558 D TheiaManager: KEY:deadMomentVALUE:1678949308077
03-16 14:48:28.079  1539  1558 D TheiaManager: KEY:appNameVALUE:NUP
03-16 14:48:28.079  1539  1558 D TheiaManager: KEY:packageVersionVALUE:1.0
03-16 14:48:28.079  1539  1558 D TheiaManager: KEY:packageNameVALUE:nup.z
03-16 14:48:28.079  1539  5695 D TheiaSocketClient: TheiaSend receive content : 4298113028:ApplicationFGCrash:1678949308079
03-16 14:48:28.079  1539  5695 D TheiaSocketClient: send message success
03-16 14:48:28.079  1539  1558 D TheiaCrashMonitor: nup.zcrash
03-16 14:48:28.079  1322  5930 I theia_socket: recv 4298113028:ApplicationFGCrash:1678949308079
03-16 14:48:28.079  1539  1558 I ActivityManager: Process nup.z (pid 9707) has died: fg  TOP 
03-16 14:48:28.079  1322  5930 I theia_socket: nowEvent is not KeyEvent
03-16 14:48:28.079  1539  1558 W ContextImpl: Calling a method in the system process without a qualified user: android.app.ContextImpl.sendBroadcast:1177 com.android.server.am.OplusExtraActivityManagerService.setKeyLockModeNormal:51 com.android.server.am.ActivityManagerServiceExtImpl.setKeyLockModeNormal:803 com.android.server.am.ActivityManagerService.appDiedLocked:3421 com.android.server.am.ActivityManagerService$AppDeathRecipient.binderDied:1536 
03-16 14:48:28.082  4047  7932 V DeepThinker: ProcessManager: onProcessDied pid:9707, uid:10278
03-16 14:48:28.083  1539  1558 D OplusStartingWindowManager: interceptRemoveStartingWindow activity.packageName=nup.z isSnapshot=false mStartingSurfaceRunnable=null
03-16 14:48:28.083  1539  1558 D OplusSplitScreenManagerService: notifyRemoveStartingWindow mOplusSpiltScreenDnDUI is null, just return!
03-16 14:48:28.084  1539  1558 I OplusHansManager : front pkg: com.android.launcher, uid: 10178, prev pkg: nup.z, prev uid: 10278
03-16 14:48:28.084   851   931 D RilUtility: notify_rild_crash_pid_set certPid:-1, crash:9707, scn:0x0
03-16 14:48:28.085  2222  2948 I BufferQueueProducer: [ViewRootImpl[z]#86(BLAST Consumer)86](id:8ae0000006a,api:1,p:2222,c:2222) disconnect: api 1
03-16 14:48:28.086  1539  2770 I OplusHansManager : onUidGone(), 10278 nup.z exit SM
03-16 14:48:28.086  1539  2770 I OplusHansManager : notifyAppGoForeground, uid=10178
03-16 14:48:28.086  1539  2770 I OplusHansManager : notifyAppGoBackground, uid=10278
03-16 14:48:28.087  1539  1558 D TaskExtImpl: addColorModeOnResume resume=true pkg = com.android.launcher
03-16 14:48:28.088  2222  2948 E BLASTBufferQueue: BLASTBufferItemConsumer::onDisconnect()
03-16 14:48:28.088  2222  2358 D View    : [Warning] assignParent to null: this = android.widget.FrameLayout{4fe892b V.E...... ........ 0,0-1080,2400}
03-16 14:48:28.089  2222  2358 V OplusZoomWindowDecorViewHelper: removeZoomView
03-16 14:48:28.089  2222  2358 I BLASTBufferQueue: [ViewRootImpl[z]#86] destructor()
03-16 14:48:28.089  2222  2358 I BufferQueueConsumer: [ViewRootImpl[z]#86(BLAST Consumer)86](id:8ae0000006a,api:0,p:-1,c:2222) disconnect
03-16 14:48:28.090  1539  2237 I Osense-DecisionMaker: notifySceneToPolicy...SCENE_LAUNCHER
03-16 14:48:28.090  1539  2237 D Osense-DecisionMaker: getCurrentSysStats, memMb: 6883
03-16 14:48:28.091  1539  2450 I OplusResourcePreloadManager: resume pkg: com.android.launcher, uid:10178, prev pkg: nup.z, prev uid: 10278
03-16 14:48:28.094  2488  2571 E Parcel  : Reading a NULL string not supported here.
03-16 14:48:28.096  1539  2989 W InputManager-JNI: Input channel object '985fb31 Splash Screen nup.z (client)' was disposed without first being removed with the input manager!
03-16 14:48:28.096  1539  2989 D WindowManager: setParent old=ActivityRecord{ca0bcec u0 nup.z/.MainActivity t3762 f} isExiting},new=null,this window=Window{985fb31 u0 Splash Screen nup.z EXITING},callers=com.android.server.wm.WindowContainer.removeChild:634 com.android.server.wm.ActivityRecord.removeChild:4074 com.android.server.wm.ActivityRecord.removeChild:389 com.android.server.wm.WindowContainer.removeImmediately:686 com.android.server.wm.WindowState.removeImmediately:2518 com.android.server.wm.WindowState.removeIfPossible:2714 
03-16 14:48:28.096  1539  2989 I WindowStateExtImpl: onSurfaceShowChange show = false mPackageName = nup.z parentPkgName = nup.z
03-16 14:48:28.098  1539  2989 W WindowManager: Changing focus from null to Window{6b59f98 u0 com.android.launcher/com.android.launcher.Launcher} displayId=0 Callers=com.android.server.wm.RootWindowContainer.updateFocusedWindowLocked:492 com.android.server.wm.WindowManagerService.updateFocusedWindowLocked:6010 com.android.server.wm.WindowState.removeIfPossible:2723 com.android.server.wm.WindowState.removeIfPossible:2584 
03-16 14:48:28.098  1539  2989 D Theia.NoFocusWindow: FocusWindowErrorScene cancelCheckFreezeScreen
03-16 14:48:28.098  1539  3733 D OplusDisplayPolicy: com.android.launcher, change system app cutoutMode: oplus always
03-16 14:48:28.101   851   870 I mtkpower@impl: [setMode] type:5, enabled:0
03-16 14:48:28.101  1539  1558 I PowerHalWrapper: amsBoostStop AMS_BOOST_PACK_SWITCH:true, AMS_BOOST_ACT_SWITCH:false, AMS_BOOST_PROCESS_CREATE:true 
03-16 14:48:28.101   946   946 D OplusLayer: ~Layer() sequence=1938, name=985fb31 Splash Screen nup.z#0 0xb4000074b7300000
03-16 14:48:28.101   946   946 D OplusLayer: ~Layer() sequence=1943, name=Surface(name=8e6b5fd StatusBar)/@0x41a9836 - animation-leash of insets_animation#1 0xb4000074b7302800
03-16 14:48:28.101   946   946 D OplusLayer: ~Layer() sequence=1944, name=Surface(name=2e9a99 NavigationBar0)/@0x8100a4 - animation-leash of insets_animation#1 0xb4000074b724d000
03-16 14:48:28.102  1539  1558 I FocusResolver: updateFocusedWindow, 6b59f98 com.android.launcher/com.android.launcher.Launcher on display 0, reason: Window became focusable. Previous reason: NO_WINDOW, result:   FocusedWindows:
03-16 14:48:28.102  1539  1558 I FocusResolver:     displayId=0, name='6b59f98 com.android.launcher/com.android.launcher.Launcher'
03-16 14:48:28.102   946   946 I BufferQueueDebug: [Splash Screen nup.z#0](this:0xb4000074d0db9998,id:-1,api:0,p:-1,c:946) onDestructor()
03-16 14:48:28.102   946   946 D OplusLayer: ~Layer() sequence=1939, name=Splash Screen nup.z#0 0xb4000074d0db7000
03-16 14:48:28.102  2222  4588 I BLASTBufferQueue: releaseBufferCallbackThunk bufferId:9543417332503 framenumber:1 blastBufferQueue is dead
03-16 14:48:28.103  1539  1558 D InputMethodManagerService: isSecurity: attribute.packageName=com.android.launcher mCurMethodId=com.sohu.inputmethod.sogouoem/.SogouIME
03-16 14:48:28.103  1539  1558 D InputMethodManagerService: isSecurity= false (  enable=true needShow=false inBlackList=false isExist=true )
03-16 14:48:28.104  1539  1691 I VRR [OPlusRefreshRateManager]: hasADFRFeature return false
03-16 14:48:28.105  1539  1691 I DisplayManagerService: Comparing display specs: baseModeId=2 allowGroupSwitching=false primaryRefreshRateRange=[0 90] appRequestRefreshRateRange=[0 90] vrrPolicy=POLICY_DEFAULT, existing: baseModeId=1 allowGroupSwitching=false primaryRefreshRateRange=[0 90] appRequestRefreshRateRange=[0 90] vrrPolicy=POLICY_DEFAULT
03-16 14:48:28.109  2580  4894 E AbnormalAppMonitor_service: findReport =  false
03-16 14:48:28.109  2580  4894 E AbnormalAppMonitor_service: handleCrash, no info matched, try update!
03-16 14:48:28.110   946  1600 D SurfaceFlinger: VRR [SurfaceFlinger] setDesiredDisplayModeSpecs, from process 1539
03-16 14:48:28.110   946   946 D SurfaceFlinger: VRR [SurfaceFlinger] setDesiredDisplayModeSpecsInternal: default mode ID: 1, allowGroupSwitching = 0, primary range: [0.00fps 90.00fps], app request range: [0.00fps 90.00fps]
03-16 14:48:28.110   946   946 D SurfaceFlinger: VRR [SurfaceFlinger] setDesiredDisplayModeSpecsInternal: 1 (90.00fps)
03-16 14:48:28.110   946   946 D SurfaceFlinger: VRR [SurfaceFlinger] setDesiredActiveMode: 90.00fps event: 1 
03-16 14:48:28.110   946  1600 E HWComposer: getSupportedContentTypes: getSupportedContentTypes failed for display 0: Unsupported (8)
03-16 14:48:28.110  1539  1737 D VRR [OPlusRefreshRateService]: onConfigChanged physicalDisplayId: 0 modeId: 1
03-16 14:48:28.112  2488  2571 E Parcel  : Reading a NULL string not supported here.
03-16 14:48:28.116 24589 24887 W oaps_host: OapsProvider query, callingPkg = com.oplus.battery, callingPid = 2580, uriMap = {path=/support, scheme=oaps, sgtp=1, base_pkg=android, host=mk, tp=/dtd, enterId=38}
03-16 14:48:28.120  2488  2571 E Parcel  : Reading a NULL string not supported here.
03-16 14:48:28.122  2488  2571 E Parcel  : Reading a NULL string not supported here.
03-16 14:48:28.183  1539  3946 V OplusZoomWindowManagerService: onAnimationFinished:  r = ActivityRecord{80da386 u0 com.android.launcher/.Launcher t5}
03-16 14:48:28.183  1539  3946 I OplusAppSwitchManagerService:  handleAppVisible , r = ActivityRecord{80da386 u0 com.android.launcher/.Launcher t5}
03-16 14:48:28.184  1539  3946 V OplusZoomWindowManagerService: onAnimationFinished:  r = ActivityRecord{ca0bcec u0 nup.z/.MainActivity t3762 f} isExiting}
03-16 14:48:28.187  1539  1691 I VRR [OPlusRefreshRateManager]: hasADFRFeature return false
03-16 14:48:28.187  1539  1691 I DisplayManagerService: Comparing display specs: baseModeId=1 allowGroupSwitching=false primaryRefreshRateRange=[0 90] appRequestRefreshRateRange=[0 90] vrrPolicy=POLICY_DEFAULT, existing: baseModeId=2 allowGroupSwitching=false primaryRefreshRateRange=[0 90] appRequestRefreshRateRange=[0 90] vrrPolicy=POLICY_DEFAULT
03-16 14:48:28.190   946  1600 D SurfaceFlinger: VRR [SurfaceFlinger] setDesiredDisplayModeSpecs, from process 1539
03-16 14:48:28.190   946   946 D SurfaceFlinger: VRR [SurfaceFlinger] setDesiredDisplayModeSpecsInternal: default mode ID: 0, allowGroupSwitching = 0, primary range: [0.00fps 90.00fps], app request range: [0.00fps 90.00fps]
03-16 14:48:28.190   946   946 D SurfaceFlinger: VRR [SurfaceFlinger] setDesiredDisplayModeSpecsInternal: 1 (90.00fps)
03-16 14:48:28.190   946   946 D SurfaceFlinger: VRR [SurfaceFlinger] setDesiredActiveMode: 90.00fps event: 1 
03-16 14:48:28.191  1539  1737 D VRR [OPlusRefreshRateService]: onConfigChanged physicalDisplayId: 0 modeId: 1
03-16 14:48:28.191   946  1600 E HWComposer: getSupportedContentTypes: getSupportedContentTypes failed for display 0: Unsupported (8)
03-16 14:48:28.193  1539  1692 D WindowManager: setParent old=Task{3dad39f #3762 type=standard A=10278:nup.z U=0 visible=false mode=fullscreen translucent=true sz=0},new=null,this window=ActivityRecord{ca0bcec u0 nup.z/.MainActivity t3762 f}},callers=com.android.server.wm.WindowContainer.removeChild:634 com.android.server.wm.Task.removeChild:1857 com.android.server.wm.Task.removeChild:1836 com.android.server.wm.WindowContainer.removeImmediately:686 com.android.server.wm.WindowToken.removeImmediately:376 com.android.server.wm.ActivityRecord.removeImmediately:3878 
03-16 14:48:28.194  1539  1692 D OplusMirageWindowManagerService: onTaskRemoved displayid:0 taskId:3762 callers:com.android.server.wm.TaskDisplayArea.removeChildTask:425 com.android.server.wm.TaskDisplayArea.removeChild:414 com.android.server.wm.WindowContainer.removeImmediately:686 com.android.server.wm.Task.removeImmediately:3369 com.android.server.wm.Task.removeIfPossible:1049 
03-16 14:48:28.194  1539  1692 I OplusScreenSecurityMask: onStackRemoved task = Task{3dad39f #3762 type=standard A=10278:nup.z U=0 visible=false mode=fullscreen translucent=true sz=0} record = null displayId = 0
03-16 14:48:28.194  1539  1692 D WindowManager: setParent old=DefaultTaskDisplayArea@38247582,new=null,this window=Task{3dad39f #3762 type=standard A=10278:nup.z U=0 visible=false mode=fullscreen translucent=true sz=0},callers=com.android.server.wm.WindowContainer.removeChild:634 com.android.server.wm.TaskDisplayArea.removeChildTask:427 com.android.server.wm.TaskDisplayArea.removeChild:414 com.android.server.wm.WindowContainer.removeImmediately:686 com.android.server.wm.Task.removeImmediately:3369 com.android.server.wm.Task.removeIfPossible:1049 
03-16 14:48:28.194  1539  1692 D TaskExtImpl: remove ActivityRecord{ca0bcec u0 nup.z/.MainActivity t-1 f}} to mActivityRecordSum = Counter{ }
03-16 14:48:28.195  1539  1692 W ActivityTaskManager: Can't find TaskDisplayArea to determine support for multi window. Task id=3762 attached=false
03-16 14:48:28.195  1539  1692 W ActivityTaskManager: Can't find TaskDisplayArea to determine support for multi window. Task id=3762 attached=false
03-16 14:48:28.198  1539  3946 D OplusAppListInterceptManager: shouldFilterTask
03-16 14:48:28.198  1539  3946 D OplusAppListInterceptManager: shouldFilterTask::packageName = nup.z
03-16 14:48:28.198  1539  3946 D OplusAppListInterceptManager: shouldFilterTask
03-16 14:48:28.198  1539  3946 D OplusAppListInterceptManager: shouldFilterTask::packageName = com.tencent.mm
03-16 14:48:28.198  1539  3946 D OplusAppListInterceptManager: shouldFilterTask
03-16 14:48:28.198  1539  3946 D OplusAppListInterceptManager: shouldFilterTask::packageName = com.heytap.browser
03-16 14:48:28.199  1539  2323 D OplusAppListInterceptManager: shouldFilterTask
03-16 14:48:28.199  1539  2323 D OplusAppListInterceptManager: shouldFilterTask::packageName = nup.z
03-16 14:48:28.199  1539  2323 D OplusAppListInterceptManager: shouldFilterTask
03-16 14:48:28.199  1539  2323 D OplusAppListInterceptManager: shouldFilterTask::packageName = com.tencent.mm
03-16 14:48:28.199  1539  2323 D OplusAppListInterceptManager: shouldFilterTask
03-16 14:48:28.199  1539  2323 D OplusAppListInterceptManager: shouldFilterTask::packageName = com.heytap.browser
03-16 14:48:28.202   946   946 D OplusLayer: ~Layer() sequence=1947, name=Task=3762#1 0xb4000074d059f800
03-16 14:48:28.203   946   946 D OplusLayer: ~Layer() sequence=1937, name=ActivityRecord{ca0bcec u0 nup.z/.MainActivity#0 0xb4000074b7263800
03-16 14:48:28.291  1539  1737 D VRR [OPlusRefreshRateService]: handleConfigIdChange physicalDisplayId: 0 configId: 1
03-16 14:48:28.292  1539  2323 D ActivityManager: getProcessesInErrorState callingUid=10279, CallingPid=30213
03-16 14:48:28.353  1539  9436 W OplusSelfProtectManager: pkg[com.oplus.crashbox] not in policy list
03-16 14:48:28.355  2580  2905 D AppSwitchListener: onAppEnter: Uid = 10278
03-16 14:48:28.356  2580  2905 W AuthDialogHelper: checkNotificationSwitchFirst() called with: context = [com.oplus.notification.NotificationCenterService@600ae95], pkg = [nup.z], uid = [10278], userId = [0], init checker
03-16 14:48:28.357  2580  2905 E AuthDialogHelper: CheckNotificationCanBeSetSecond: check nup.z , Notification master switch on, unable to pop dialog
03-16 14:48:28.553  1539  1691 W ActivityTaskManager: Activity top resumed state loss timeout for ActivityRecord{ca0bcec u0 nup.z/.MainActivity t-1 f}}
03-16 14:48:28.554  1539  1691 I OplusJoystickManager: handleApplicationSwitch deprecated!
03-16 14:48:28.554  1539  2620 D OplusEapManager: mTargetExitName :nup.z
03-16 14:48:28.554  1539  2620 V DCSEX-AppSwitchManager: OnAppSwitchObserver: onAppExit, resuming = com.android.launcher, target = nup.z, is ResumingFirstStart =  false, is ResumingMultiApp =  false, extensionInfo =  Bundle[{taskId=5, uid=10178}]
03-16 14:48:28.554  1539  1691 I PowerHalWrapper: amsBoostNotify pid:2488,activity:com.android.launcher.Launcher, package:com.android.launcher, mProcessCreatePacknup.z 
03-16 14:48:28.554  1539  1691 I PowerHalWrapper: state: 1 
03-16 14:48:28.555  1539  1691 I PowerHalWrapper: amsBoostNotify AMS_BOOST_PROCESS_CREATE_BOOST:true 
03-16 14:48:28.555  1539  2620 D VRR [OPlusFrontAppManager]: OnAppSwitchObserver: onAppExit , info.targetName = nup.z
03-16 14:48:28.555  1539  2620 D VRR [OPlusFrontAppManager]: packageName: null
03-16 14:48:28.555  1539  5828 D DCSEX-AppLaunchEventRecorder: onAppSwitch from = nup.z to = com.android.launcher
03-16 14:48:28.555  1539  1737 D VRR [OPlusRefreshRateService]: handleFrontAppChange pkgName: null
03-16 14:48:28.555   851   931 I libPowerHal: [perfNotifyAppState] foreground:com.android.launcher, pid:2488, uid:10178
03-16 14:48:28.555  1539  1737 D VRR [OPlusExternalRefreshRateManager]: setFrontPackageName pkgName: null CurPkgName: nup.z
03-16 14:48:28.556   851   931 I UxUtility: notifyForegroundApp pack:com.android.launcher, uid:10178
03-16 14:48:28.556   851   931 I TouchUtility: notifyAppState error = NULL
03-16 14:48:28.556   851   869 I mtkpower@impl: [notifyAppState] pc:0, nup.z => com.android.launcher
03-16 14:48:28.556  1539  2620 D OplusEapManager: mTargetEnterName :com.android.launcher
03-16 14:48:28.556  1539  2620 V DCSEX-AppSwitchManager: OnAppSwitchObserver: onAppEnter, launchedFrom =  null, target =  com.android.launcher, is firstStart =  false, is multiApp =  false, extensionInfo =  Bundle[{taskId=5, pid=2488, uid=10178}]
03-16 14:48:28.556  2580  6622 D AppSwitchListener: onAppExit() called !
03-16 14:48:28.556  1539  2620 D VRR [OPlusFrontAppManager]: OnAppSwitchObserver: onAppEnter , info.targetName = com.android.launcher
03-16 14:48:28.556  1539  2620 D VRR [OPlusFrontAppManager]: packageName: com.android.launcher
03-16 14:48:28.556  1539  1737 D VRR [OPlusRefreshRateService]: handleFrontAppChange pkgName: com.android.launcher
03-16 14:48:28.556  1539  1737 D VRR [OPlusExternalRefreshRateManager]: setFrontPackageName pkgName: com.android.launcher CurPkgName: null
03-16 14:48:28.557  2580  6625 W Battery : ThermalControlUtils: mForegroundPkg=com.android.launcher
03-16 14:48:28.557 22986 23002 D ZoomAppController: ignore onAppEnter: mCurrentZoomInfo is null
03-16 14:48:28.558  1539  1866 E AthenaService: MemoryGuardAction: handleAppChange
03-16 14:48:28.558 22940 28934 I obrain  : app forground called:com.android.launcher
03-16 14:48:28.559   928   928 D vendor.oplus.hardware.rpmh@2.0-service: getPowerStateSubsystemSleepState
03-16 14:48:28.559   928   928 D vendor.oplus.hardware.rpmh@2.0-service: file path: 
03-16 14:48:28.559   928   928 E vendor.oplus.hardware.rpmh@2.0-service: file path is empty
03-16 14:48:28.559   874   874 I CameraMidasService: The size of PowerFactor is 120 ,The size of PowerFactors is 0, The memory size of PowerFactors is 0
03-16 14:48:28.559   928   928 D vendor.oplus.hardware.rpmh@2.0-service: getPowerStateSubsystemSleepState
03-16 14:48:28.559   928   928 D vendor.oplus.hardware.rpmh@2.0-service: file path: 
03-16 14:48:28.559   928   928 E vendor.oplus.hardware.rpmh@2.0-service: file path is empty
03-16 14:48:28.559   928   928 D vendor.oplus.hardware.rpmh@2.0-service: getPowerStateSubsystemSleepState
03-16 14:48:28.559  1539  3983 D OplusPowerMonitor: OplusWakeLockInfo{binderhash=117959190flags=1, tag=*launch*, duration=244, starttime=258517324, packageName='android', uid=1000, pid=1539}
03-16 14:48:28.559   928   928 D vendor.oplus.hardware.rpmh@2.0-service: file path: 
03-16 14:48:28.559   928   928 E vendor.oplus.hardware.rpmh@2.0-service: file path is empty
03-16 14:48:28.560   588   588 I hwservicemanager: getTransport: Cannot find entry vendor.oplus.hardware.handlefactory@1.0::IHandleFactory/default in either framework or device VINTF manifest.
03-16 14:48:28.560   928   928 D vendor.oplus.hardware.rpmh@2.0-service: getPowerStateSubsystemSleepState
03-16 14:48:28.560   928   928 D vendor.oplus.hardware.rpmh@2.0-service: file path: 
03-16 14:48:28.560   928   928 E vendor.oplus.hardware.rpmh@2.0-service: file path is empty
03-16 14:48:28.560   928   928 D vendor.oplus.hardware.rpmh@2.0-service: getPowerStateSubsystemSleepState
03-16 14:48:28.560   928   928 D vendor.oplus.hardware.rpmh@2.0-service: file path: 
03-16 14:48:28.560   928   928 E vendor.oplus.hardware.rpmh@2.0-service: file path is empty
03-16 14:48:28.560  3376  3403 D midasd  : rm 444, fcc 3928, pchq 842, reset 45, level 12, usb 475
03-16 14:48:28.560 22940 28932 E HandleFactory: Failed to get IHandleFactory hal service, null
03-16 14:48:28.560   928   928 D vendor.oplus.hardware.rpmh@2.0-service: getPowerStateSubsystemSleepState
03-16 14:48:28.560   928   928 D vendor.oplus.hardware.rpmh@2.0-service: file path: 
03-16 14:48:28.560   928   928 E vendor.oplus.hardware.rpmh@2.0-service: file path is empty
03-16 14:48:28.560   874   874 I CameraMidasService: getExplorerInfo The size of ExplorerInfo is 200 ,The size of ExplorerInfo is 0, The memory size of ExplorerInfo is 0
03-16 14:48:28.560   928   928 D vendor.oplus.hardware.rpmh@2.0-service: getPowerStateSubsystemSleepState
03-16 14:48:28.560   928   928 D vendor.oplus.hardware.rpmh@2.0-service: file path: 
03-16 14:48:28.560   928   928 E vendor.oplus.hardware.rpmh@2.0-service: file path is empty
03-16 14:48:28.561   928   928 D vendor.oplus.hardware.rpmh@2.0-service: getPowerStateSubsystemSleepState
03-16 14:48:28.561   928   928 D vendor.oplus.hardware.rpmh@2.0-service: file path: 
03-16 14:48:28.561   928   928 E vendor.oplus.hardware.rpmh@2.0-service: file path is empty
03-16 14:48:28.561   928   928 D vendor.oplus.hardware.rpmh@2.0-service: getPowerStateSubsystemSleepState
03-16 14:48:28.561   928   928 D vendor.oplus.hardware.rpmh@2.0-service: file path: 
03-16 14:48:28.561   928   928 E vendor.oplus.hardware.rpmh@2.0-service: file path is empty
03-16 14:48:28.561   928   928 D vendor.oplus.hardware.rpmh@2.0-service: getPowerStateSubsystemSleepState
03-16 14:48:28.561   928   928 D vendor.oplus.hardware.rpmh@2.0-service: file path: 
03-16 14:48:28.561   928   928 E vendor.oplus.hardware.rpmh@2.0-service: file path is empty
03-16 14:48:28.561   928   928 D vendor.oplus.hardware.rpmh@2.0-service: getPowerStateSubsystemSleepState
03-16 14:48:28.561   928   928 D vendor.oplus.hardware.rpmh@2.0-service: file path: 
03-16 14:48:28.561   928   928 E vendor.oplus.hardware.rpmh@2.0-service: file path is empty
03-16 14:48:28.562  1539  2314 D OplusGameRotationService: lockRotationInGame: change state to 0
03-16 14:48:28.562   928   928 D vendor.oplus.hardware.rpmh@2.0-service: getPowerStateSubsystemSleepState
03-16 14:48:28.562   928   928 D vendor.oplus.hardware.rpmh@2.0-service: file path: 
03-16 14:48:28.562   928   928 E vendor.oplus.hardware.rpmh@2.0-service: file path is empty
03-16 14:48:28.563   588   588 I hwservicemanager: getTransport: Cannot find entry vendor.oplus.hardware.handlefactory@1.0::IHandleFactory/default in either framework or device VINTF manifest.
03-16 14:48:28.563 22940 28922 E HandleFactory: Failed to get IHandleFactory hal service, null
03-16 14:48:28.563   588   588 I hwservicemanager: getTransport: Cannot find entry vendor.oplus.hardware.handlefactory@1.0::IHandleFactory/default in either framework or device VINTF manifest.
03-16 14:48:28.564 22940 28932 E HandleFactory: Failed to get IHandleFactory hal service, null
03-16 14:48:28.565  2580  6625 W Battery : ThermalControllHandler: tempLevel=2,userMode=2,gameUserMode=-1,appType=-1,envTempType=0,appStates=[]
03-16 14:48:28.565  3377  3409 E oiface  : get gpu freq table failed
03-16 14:48:28.565  2580  6625 W Battery : ThermalControllHandler: tempGear=2,configItemName=common_config
03-16 14:48:28.565  2580  4827 W Battery : ThermalControllHandler: MSG_THERMAL_CONTROL_CATEGORY_CHANGED
03-16 14:48:28.566  3377  3409 E oiface  : get gpu freq table failed
03-16 14:48:28.661   916   916 E ORMS_HAL: open /sys/devices/platform/soc/soc:oplus-omrg/oplus-omrg0/ruler_enable failed(No such file or directory)
03-16 14:48:28.662  1539  1889 I mtkpower_client: perf_lock_rel, hdl:2284, tid:1889
03-16 14:48:28.662  1539  1889 I mtkpower_client: perf_lock_acq, hdl:2284, dur:0, num:4, tid:1889
03-16 14:48:28.663   851   931 I libPowerHal: [perfLockRel] hdl:2284, idx:0
03-16 14:48:28.664   851   931 I libPowerHal: system_server: cpu_ctrl set cpu freq: -1 -1 -1 -1 -1 -1
03-16 14:48:28.664   851   931 I libPowerHal: [PD] system_server update cmd:2020000 param:1
03-16 14:48:28.664   851   931 I libPowerHal: [PD] system_server update cmd:1410000 param:0
03-16 14:48:28.666   851   931 I libPowerHal: [PD] system_server update cmd:1c3c000, param:1
03-16 14:48:28.666   851   931 I libPowerHal: [PD] system_server update cmd:2004100 param:2
03-16 14:48:28.669  1539  1889 I mtkpower_client: ret_hdl:2285
03-16 14:48:28.795  1539  3946 D ActivityManager: getProcessesInErrorState callingUid=10279, CallingPid=30213
03-16 14:48:28.880   827   958 I hwcomposer: [HWCDisplay] [Display_0 (type:1)] fps:52.851734,dur:1192.01,max:475.09,min:9.30  
03-16 14:48:28.976  1539  2770 I OplusHansManager : exit FastFreezer, unfreeze uids: [] thaw: [], reason: exitFF
03-16 14:48:28.979  1539  2770 I OplusHansManager : notify state machine event=FF_EXIT to uids=[10279]
03-16 14:48:29.132   916   916 E ORMS_HAL: open /sys/devices/platform/soc/soc:oplus-omrg/oplus-omrg0/ruler_enable failed(No such file or directory)
03-16 14:48:29.133  1539  2113 D OGG_Detector: D:done mCurrStatus: 0
03-16 14:48:29.133   916   916 D ORMS_HAL: OrmsHalService write file /proc/sys/kernel/input_boost_enabled - 1.
03-16 14:48:29.134  1539  1889 I mtkpower_client: perf_lock_rel, hdl:2285, tid:1889
03-16 14:48:29.136  2546  3055 I iopgp   : Iopgp: TRANSACTION_IOPGP_ON_KEY_DOWN sequence_id = 29 pkg_name = nup.z ret = 0
03-16 14:48:29.137  1539  1889 I mtkpower_client: perf_lock_acq, hdl:2285, dur:0, num:14, tid:1889
03-16 14:48:29.137   851   869 I mtkpower@impl: [check_work_req] i:1, msg:1 hdl:2285, wait
03-16 14:48:29.138  2546  3055 D iopgp   : cannot find a compiledtrace, need to start tracing on intentstart.
03-16 14:48:29.139  2546  3055 D iopgp   : Iopgp: Decide the action on keydown event done in 2ms.
03-16 14:48:29.140   851   931 I libPowerHal: [perfLockRel] hdl:2285, idx:0
03-16 14:48:29.140   851   931 I libPowerHal: [PD] system_server update cmd:2004100 param:2
03-16 14:48:29.142  1539  1889 I mtkpower_client: ret_hdl:2287
03-16 14:48:29.143   851   931 I libPowerHal: system_server: cpu_ctrl set cpu freq: 2000000 -1 2200000 -1 2284000 -1
03-16 14:48:29.200   851   931 I libPowerHal: [perfLockRel] hdl:2286, idx:1
03-16 14:48:29.200   851   931 I libPowerHal: [PD] MTKPOWER_HINT_APP_TOUCH update cmd:3408600 param:0
03-16 14:48:29.206  2546  3055 I iopgp   : Iopgp: TRANSACTION_IOPGP_ON_INTENT_STARTED sequence_id = 29 pkg_name = nup.z class_name = nup.z.MainActivity
03-16 14:48:29.206  1539  2314 E system_server: No package ID 7f found for ID 0x7f0f025d.
03-16 14:48:29.206  1539  2314 I ActivityTaskManager: START u0 {act=android.intent.action.MAIN cat=[android.intent.category.LAUNCHER] flg=0x10200000 cmp=nup.z/.MainActivity bnds=[801,1035][1053,1321] mCallingUid=10178} from uid 10178
03-16 14:48:29.206  2546  3055 I iopgp   : Iopgp::starttracing
03-16 14:48:29.206  1539  2314 D MultiApp.CMAService: changeIntentIfNeed --- from launcher
03-16 14:48:29.206   916   916 E ORMS_HAL: open /sys/devices/platform/soc/soc:oplus-omrg/oplus-omrg0/ruler_enable failed(No such file or directory)
03-16 14:48:29.207  2546  3055 D iopgp   : Create Perfetto handle 30
03-16 14:48:29.207  1539  2314 W ActivityTaskManager: Can't find TaskDisplayArea to determine support for multi window. Task id=3763 attached=false
03-16 14:48:29.207   916   916 E ORMS_HAL: open /sys/devices/platform/soc/soc:oplus-omrg/oplus-omrg0/ruler_enable failed(No such file or directory)
03-16 14:48:29.207  1539  2314 D OplusZoomWindowManagerService: onConfigurationChanged rotation not changed - prevRotation: 0
03-16 14:48:29.207  1539  1889 I mtkpower_client: perf_lock_rel, hdl:2287, tid:1889
03-16 14:48:29.207  1539  1889 I mtkpower_client: perf_lock_acq, hdl:2287, dur:0, num:14, tid:1889
03-16 14:48:29.208  1539  2314 I OplusScreenSecurityMask: onStackAdded task = Task{e0ac8e6 #3763 type=standard ?? U=0 visible=false mode=fullscreen translucent=true sz=0} record = null displayId = 0
03-16 14:48:29.208  1539  2314 I OplusScreenSecurityMask: onStackAdded task = Task{e0ac8e6 #3763 type=standard A=10278:nup.z U=0 visible=false mode=fullscreen translucent=true sz=0} record = null displayId = 0
03-16 14:48:29.208  1045  1045 I perfetto: ing_service_impl.cc:912 Configured tracing session 30, #sources:1, duration:5000 ms, #buffers:1, total buffer size:5120 KB, total sessions:2, uid:1000 session name: ""
03-16 14:48:29.208  1539  2314 E WindowManager: makeSurface ActivityRecord{bb1ce27 u0 nup.z/.MainActivity t3763} windowType 2
03-16 14:48:29.209  1043  1043 I perfetto: probes_producer.cc:243  Ftrace setup (target_buf=30)
03-16 14:48:29.209  1539  2314 D TaskExtImpl: add ActivityRecord{bb1ce27 u0 nup.z/.MainActivity t3763} to mActivityRecordSum = Counter{ nup.z/.MainActivity(1) }
03-16 14:48:29.209   851   870 I mtkpower@impl: [setMode] type:5, enabled:1
03-16 14:48:29.210  1539  2314 D ActivityTaskManager: getStartingWindowType: newTask=true, taskSwitch=true, processRunning=false, allowTaskSnapshot=true, activityCreated=false, snapshot=null, record:ActivityRecord{bb1ce27 u0 nup.z/.MainActivity t3763}
03-16 14:48:29.210   851   931 I libPowerHal: [perfLockRel] hdl:2287, idx:0
03-16 14:48:29.210  1539  2314 D OplusStartingWindowManager: window attributes color: 0 icon null duration 0 brandImage null
03-16 14:48:29.210   851   931 I libPowerHal: system_server: cpu_ctrl set cpu freq: -1 -1 -1 -1 -1 -1
03-16 14:48:29.210   851   931 I libPowerHal: [PD] system_server update cmd:1410000 param:0
03-16 14:48:29.210  1539  2314 V OplusZoomWindowManagerService: windowMode: 0 ,stack: Task{e0ac8e6 #3763 type=standard A=10278:nup.z U=0 visible=true mode=fullscreen translucent=true sz=1}
03-16 14:48:29.211  1539  2314 I PowerHalWrapper: <amsBoostResume> last:com.android.launcher, next:nup.z 
03-16 14:48:29.211   851   931 I libPowerHal: [PD] system_server update cmd:1c3c000, param:1
03-16 14:48:29.211   851   931 I libPowerHal: [PD] system_server update cmd:2004100 param:2
03-16 14:48:29.212  1539  1889 I mtkpower_client: ret_hdl:2288
03-16 14:48:29.213   916   916 E ORMS_HAL: open /sys/devices/platform/soc/soc:oplus-omrg/oplus-omrg0/ruler_enable failed(No such file or directory)
03-16 14:48:29.213   851   931 I libPowerHal: system_server: cpu_ctrl set cpu freq: 2000000 -1 2200000 -1 2284000 -1
03-16 14:48:29.213   916   916 E ORMS_HAL: open /sys/devices/platform/soc/soc:oplus-omrg/oplus-omrg0/ruler_enable failed(No such file or directory)
03-16 14:48:29.214  1539  1889 I mtkpower_client: perf_lock_rel, hdl:2288, tid:1889
03-16 14:48:29.215  1539  1889 I mtkpower_client: perf_lock_acq, hdl:2288, dur:0, num:16, tid:1889
03-16 14:48:29.215   946  1600 I SurfaceFlinger: [SF client] NEW(0xb4000074d0d97640) for (2222:com.android.systemui)
03-16 14:48:29.215   851   931 I libPowerHal: [perfLockRel] hdl:2288, idx:0
03-16 14:48:29.216   851   931 I libPowerHal: system_server: cpu_ctrl set cpu freq: -1 -1 -1 -1 -1 -1
03-16 14:48:29.216   851   931 I libPowerHal: [PD] system_server update cmd:1410000 param:0
03-16 14:48:29.217   851   931 I libPowerHal: [PD] system_server update cmd:1c3c000, param:1
03-16 14:48:29.217   851   931 I libPowerHal: [PD] system_server update cmd:2004100 param:2
03-16 14:48:29.217  1539  1889 I mtkpower_client: ret_hdl:2289
03-16 14:48:29.217 24630 24819 I AstScreen.AtmosphereManager: windowState : 3   not care about this state!!
03-16 14:48:29.218  1539  3946 V SensorManager: call sensorServiceCommonInterface name: setScreenShotDisable
03-16 14:48:29.218  1539  3946 D SensorService: SensorService sensorServiceCommonInterface = setScreenShotDisable
03-16 14:48:29.218  1539  3946 D SensorServiceImpl: SensorServiceExtImpl sensorServiceCommonInterface funcName= setScreenShotDisable , flag =0, status =0
03-16 14:48:29.218  1539  3946 I OplusHansManager : front pkg: nup.z, uid: 10278, prev pkg: com.android.launcher, prev uid: 10178
03-16 14:48:29.218  1539  2770 I OplusHansManager : notifyAppGoForeground, uid=10278
03-16 14:48:29.218  1539  2770 I OplusHansManager : Fast Freezer interval is less than 10000
03-16 14:48:29.218  1539  2770 I OplusHansManager : notifyAppGoBackground, uid=10178
03-16 14:48:29.218  2222  2358 D WindowManager: Add to mViews: android.widget.FrameLayout{e0d3fcc V.E...... ......I. 0,0-0,0},pkg= nup.z
03-16 14:48:29.218  1539  3946 V SensorManager: call sensorServiceCommonInterface name: setScreenShotDisable
03-16 14:48:29.219  1539  2237 I Osense-DecisionMaker: notifySceneToPolicy...SCENE_APP_SWITCH
03-16 14:48:29.219  1539  3946 D SensorService: SensorService sensorServiceCommonInterface = setScreenShotDisable
03-16 14:48:29.219  1539  3946 D SensorServiceImpl: SensorServiceExtImpl sensorServiceCommonInterface funcName= setScreenShotDisable , flag =0, status =0
03-16 14:48:29.219  1539  2237 D Osense-DecisionMaker: getCurrentSysStats, memMb: 6915
03-16 14:48:29.219  1539  3946 V SensorManager: call sensorServiceCommonInterface name: setScreenShotDisable
03-16 14:48:29.219  1539  3946 D SensorService: SensorService sensorServiceCommonInterface = setScreenShotDisable
03-16 14:48:29.219  1539  3946 D SensorServiceImpl: SensorServiceExtImpl sensorServiceCommonInterface funcName= setScreenShotDisable , flag =0, status =0
03-16 14:48:29.219  1539  2237 I Osense-DecisionMaker: scene: SCENE_APP_SWITCH, excutingPolicy: freezer
03-16 14:48:29.219  1539  2450 I OplusResourcePreloadManager: resume pkg: nup.z, uid:10278, prev pkg: com.android.launcher, prev uid: 10178
03-16 14:48:29.220   851   931 I libPowerHal: system_server: cpu_ctrl set cpu freq: 2000000 -1 2600000 -1 2600000 -1
03-16 14:48:29.220  2222  2358 D ViewRootImpl[z]: hardware acceleration = true, sRendererEnabled = true, forceHwAccelerated = false
03-16 14:48:29.221  1539  3946 I PowerHalWrapper: amsBoostNotify pid:2488,activity:com.android.launcher.Launcher, package:com.android.launcher, mProcessCreatePacknup.z 
03-16 14:48:29.221  1539  3946 I PowerHalWrapper: state: 0 
03-16 14:48:29.221  1539  3946 I PowerHalWrapper: amsBoostNotify AMS_BOOST_PROCESS_CREATE_BOOST:false 
03-16 14:48:29.222  1539  2323 D OplusDisplayPolicy: nup.z, no change cutoutMode: 0
03-16 14:48:29.224  1539  1691 I PowerHalWrapper: amsBoostProcessCreate package:nup.z 
03-16 14:48:29.224  1539  1691 D SBE-LaunchIdentify: SBE boost:nup.z begin
03-16 14:48:29.225  1539  1691 D CompatibilityChangeReporter: Compat change id reported: 135634846; UID 10278; state: DISABLED
03-16 14:48:29.225  1539  1691 D CompatibilityChangeReporter: Compat change id reported: 177438394; UID 10278; state: DISABLED
03-16 14:48:29.225  1539  1691 D CompatibilityChangeReporter: Compat change id reported: 135772972; UID 10278; state: DISABLED
03-16 14:48:29.225  1539  1691 D CompatibilityChangeReporter: Compat change id reported: 135754954; UID 10278; state: ENABLED
03-16 14:48:29.225  1539  1711 D CompatibilityChangeReporter: Compat change id reported: 143937733; UID 10278; state: ENABLED
03-16 14:48:29.226  2546  3055 I iopgp   : Iopgp: TRANSACTION_IOPGP_ON_ACTIVITY_LAUNCHED sequence_id = 29 title = 
03-16 14:48:29.226  1539  3983 D OplusDisplayPolicy: nup.z, no change cutoutMode: 0
03-16 14:48:29.226   946  2952 I BufferQueueDebug: [Splash Screen nup.z#0](this:0xb4000074b7268998,id:-1,api:0,p:-1,c:-1) BufferQueue core=(946:/system/bin/surfaceflinger)
03-16 14:48:29.228  1539  3983 W WindowManager: Changing focus from Window{6b59f98 u0 com.android.launcher/com.android.launcher.Launcher} to null displayId=0 Callers=com.android.server.wm.RootWindowContainer.updateFocusedWindowLocked:492 com.android.server.wm.WindowManagerService.updateFocusedWindowLocked:6010 com.android.server.wm.WindowManagerService.relayoutWindow:2600 com.android.server.wm.Session.relayout:247 
03-16 14:48:29.229  1539  3983 D Theia.NoFocusWindow: FocusWindowErrorScene CheckFreezeScreen
03-16 14:48:29.229  2222  2358 I BufferQueueConsumer: [](id:8ae0000006b,api:0,p:-1,c:2222) connect: controlledByApp=false
03-16 14:48:29.230  2222  2358 I BLASTBufferQueue: [ViewRootImpl[z]#87] constructor()
03-16 14:48:29.230  2222  2948 I BufferQueueProducer: [ViewRootImpl[z]#87(BLAST Consumer)87](id:8ae0000006b,api:1,p:2222,c:2222) connect: api=1 producerControlledByApp=true
03-16 14:48:29.234   804   804 D Zygote  : Forked child process 9739
03-16 14:48:29.235  1539  2314 I FocusResolver: updateFocusedWindow,  on display 0, reason: NO_WINDOW, result:   FocusedWindows: <none>
03-16 14:48:29.236  1539  1711 I ActivityManager: Start proc 9739:nup.z/u0a278 for pre-top-activity {nup.z/nup.z.MainActivity}
03-16 14:48:29.238  1539  1692 D OplusSplitScreenManagerService: isDragToSplitState mOplusSpiltScreenDnDUI is null, just return!
03-16 14:48:29.239  1539  1692 D OplusSplitScreenManagerService: isDragToSplitState mOplusSpiltScreenDnDUI is null, just return!
03-16 14:48:29.239  1539  1692 D OplusSplitScreenManagerService: isDragToSplitState mOplusSpiltScreenDnDUI is null, just return!
03-16 14:48:29.239  1539  1692 D OplusSplitScreenManagerService: isDragToSplitState mOplusSpiltScreenDnDUI is null, just return!
03-16 14:48:29.241  9739  9739 I nup.z   : Late-enabling -Xcheck:jni
03-16 14:48:29.241  1539  1692 E WindowManager: makeSurface WallpaperWindowToken{5d8cd4 token=android.os.Binder@edad227} windowType 2013
03-16 14:48:29.244  1539  1692 I WindowStateExtImpl: onSurfaceShowChange show = true mPackageName = nup.z parentPkgName = nup.z
03-16 14:48:29.245   946  3268 I BpBinder: onLastStrongRef automatically unlinking death recipients: <uncached descriptor>
03-16 14:48:29.246   946   946 D OplusLayer: setBuffer sequence=1951, name=Splash Screen nup.z#0
03-16 14:48:29.246   946   946 I OplusLayer: VRR [FRTC] update from -1 to 0
03-16 14:48:29.246  2222 18436 D SurfaceComposerClient: VRR [FRTC] client handle [bufferId:18446744073709551615 framenumber:0] [ffffffff, ffffffff]
03-16 14:48:29.247   946   998 E surfaceflinger: == MALI DEBUG ===eglp_winsys_populate_image_templates ==12288
03-16 14:48:29.247  2488  2488 E SimulationInteractor: tryGetAnimationPainterInstance error:com.oplus.painteranimationpanel.api.AnimPainterInstance
03-16 14:48:29.247   946   946 D OplusLayer: ~Layer() sequence=1945, name=Surface(name=8e6b5fd StatusBar)/@0x41a9836 - animation-leash of insets_animation#0 0xb4000074b7254800
03-16 14:48:29.247   946   946 D OplusLayer: ~Layer() sequence=1946, name=Surface(name=2e9a99 NavigationBar0)/@0x8100a4 - animation-leash of insets_animation#0 0xb4000074b727b000
03-16 14:48:29.247  2488  2488 D IconConfigParser: parseConfig::icon config =: IconConfig = [ isForeign : false,theme : 2,iconSize : 5000,iconShape : 0,foregroundSize : 5600,artPlusOn : 0,iconRadius ：36,darkModeIcon:1,localSpecial:false ]
03-16 14:48:29.248  2488  2488 D IconConfigParser: parseConfig::icon config =: IconConfig = [ isForeign : false,theme : 2,iconSize : 5000,iconShape : 0,foregroundSize : 5600,artPlusOn : 0,iconRadius ：36,darkModeIcon:1,localSpecial:false ]
03-16 14:48:29.262  9739  9739 E nup.z   : Unknown bits set in runtime_flags: 0x40000000
03-16 14:48:29.266 26777 26797 I adbd    : jdwp connection from 9739
03-16 14:48:29.267  9739  9739 D ProcessState: Binder ioctl to enable oneway spam detection failed: Invalid argument
03-16 14:48:29.271  9739  9739 I OneTrace: Mark active for pid=9739? true
03-16 14:48:29.271  9739  9739 D cutils-dev: otrace_set_tracing_enabled? true
03-16 14:48:29.272  1539  2323 V ActivityManager: New death recipient com.android.server.am.ActivityManagerService$AppDeathRecipient@74f5134 for thread android.os.BinderProxy@9bb9b5d
03-16 14:48:29.287  1539  2323 D OplusDexOptimizeManager: Do not in AppLaunchOptList!
03-16 14:48:29.287  9739  9747 D cutils-dev: properties changed in otrace_seq_number_changed!
03-16 14:48:29.288  1539  2323 I OplusAppSwitchManagerService: appswitch hasProcess ActivityRecord{bb1ce27 u0 nup.z/.MainActivity t3763}
03-16 14:48:29.288  1539  2323 I OplusJoystickManager: handleApplicationSwitch deprecated!
03-16 14:48:29.288  1539  2323 I OplusAppSwitchManagerService: appswitch hasProcess ActivityRecord{bb1ce27 u0 nup.z/.MainActivity t3763}
03-16 14:48:29.288  1539  2323 I PowerHalWrapper: amsBoostNotify pid:9739,activity:nup.z.MainActivity, package:nup.z, mProcessCreatePacknup.z 
03-16 14:48:29.288  1539  2323 I PowerHalWrapper: state: 1 
03-16 14:48:29.289  1539  2323 I PowerHalWrapper: amsBoostNotify AMS_BOOST_PROCESS_CREATE_BOOST:true 
03-16 14:48:29.289  1539  2323 I InputDispatcher: setFocusedApplication displayId=0 ActivityRecord{bb1ce27 u0 nup.z/.MainActivity t3763}
03-16 14:48:29.289  1539  2620 D OplusEapManager: mTargetExitName :com.android.launcher
03-16 14:48:29.289  1539  2620 V DCSEX-AppSwitchManager: OnAppSwitchObserver: onAppExit, resuming = nup.z, target = com.android.launcher, is ResumingFirstStart =  true, is ResumingMultiApp =  false, extensionInfo =  Bundle[{taskId=3763, uid=10278}]
03-16 14:48:29.289   851   931 I libPowerHal: [perfNotifyAppState] foreground:nup.z, pid:9739, uid:10278
03-16 14:48:29.289  1539  2620 D VRR [OPlusFrontAppManager]: OnAppSwitchObserver: onAppExit , info.targetName = com.android.launcher
03-16 14:48:29.289  1539  2620 D VRR [OPlusFrontAppManager]: packageName: null
03-16 14:48:29.289   851   931 I UxUtility: notifyForegroundApp pack:nup.z, uid:10278
03-16 14:48:29.289   851   931 I TouchUtility: notifyAppState error = NULL
03-16 14:48:29.289   851   869 I mtkpower@impl: [notifyAppState] pc:1, com.android.launcher => nup.z
03-16 14:48:29.289  1539  1737 D VRR [OPlusRefreshRateService]: handleFrontAppChange pkgName: null
03-16 14:48:29.289  1539  5828 D DCSEX-AppLaunchEventRecorder: onAppSwitch from = com.android.launcher to = nup.z
03-16 14:48:29.290  1539  1691 D OplusKeepAliveManager: TOP_APP is ProcessRecord{abba36e 9739:nup.z/u0a278} uid is 10278
03-16 14:48:29.290   916   916 E ORMS_HAL: open /sys/devices/platform/soc/soc:oplus-omrg/oplus-omrg0/ruler_enable failed(No such file or directory)
03-16 14:48:29.290   916   916 E ORMS_HAL: open /sys/devices/platform/soc/soc:oplus-omrg/oplus-omrg0/ruler_enable failed(No such file or directory)
03-16 14:48:29.290  1539  1889 I mtkpower_client: perf_lock_rel, hdl:2289, tid:1889
03-16 14:48:29.290  1539  1889 I mtkpower_client: perf_lock_acq, hdl:2289, dur:0, num:16, tid:1889
03-16 14:48:29.290   851   869 I mtkpower@impl: [check_work_req] i:0, msg:1 hdl:2289, wait
03-16 14:48:29.290  1539  1719 E OplusThermalStats: Error getting package info: nup.z
03-16 14:48:29.291  1539  2620 D OplusEapManager: mTargetEnterName :nup.z
03-16 14:48:29.291  1539  2620 V DCSEX-AppSwitchManager: OnAppSwitchObserver: onAppEnter, launchedFrom =  com.android.launcher, target =  nup.z, is firstStart =  true, is multiApp =  false, extensionInfo =  Bundle[{taskId=3763, pid=9739, uid=10278}]
03-16 14:48:29.291  1539  2620 D VRR [OPlusFrontAppManager]: OnAppSwitchObserver: onAppEnter , info.targetName = nup.z
03-16 14:48:29.291  1539  2620 D VRR [OPlusFrontAppManager]: packageName: nup.z
03-16 14:48:29.292  1539  1737 D VRR [OPlusExternalRefreshRateManager]: setFrontPackageName pkgName: null CurPkgName: com.android.launcher
03-16 14:48:29.292  1539  1737 D VRR [OPlusRefreshRateService]: handleFrontAppChange pkgName: nup.z
03-16 14:48:29.292  1539  1737 D VRR [OPlusExternalRefreshRateManager]: setFrontPackageName pkgName: nup.z CurPkgName: null
03-16 14:48:29.292  4047  7932 V DeepThinker: ProcessManager: onForegroundActivitiesChanged pid:9739, uid:10278, foregroundActivities:true
03-16 14:48:29.292  3326 19233 D OplusAtlas.OplusAtlasEventDispatch: setEvent:atlas_event_on_foreground_activities_changed info:pid:9739,uid:10278,hasForegroundActivities:1
03-16 14:48:29.292 22986 23002 D ZoomAppController: ignore onAppEnter: mCurrentZoomInfo is null
03-16 14:48:29.292   851   869 I mtkpower@impl: [check_work_req] i:0, msg:1 hdl:2289, wait
03-16 14:48:29.292  3326  3580 D OplusAtlas.OplusAudioScene: callback success event:atlas_event_on_foreground_activities_changed eventInfo:pid:9739,uid:10278,hasForegroundActivities:1
03-16 14:48:29.293  2580  6625 W Battery : ThermalControlUtils: mForegroundPkg=nup.z
03-16 14:48:29.293  3326  3801 D OplusAtlas.OplusMessageHandler: handleMessage: Msg { when=-1ms what=2 obj=com.oplus.atlas.OplusAtlasEvent@ee36dcf target=com.oplus.atlas.OplusMessageHandler$MyHandler }
03-16 14:48:29.295 22940 28934 I obrain  : app forground called:nup.z
03-16 14:48:29.295   851   931 I libPowerHal: [perfLockRel] hdl:2289, idx:0
03-16 14:48:29.296   851   931 I libPowerHal: system_server: cpu_ctrl set cpu freq: -1 -1 -1 -1 -1 -1
03-16 14:48:29.296   851   931 I libPowerHal: [PD] system_server update cmd:2020000 param:1
03-16 14:48:29.296   588   588 I hwservicemanager: getTransport: Cannot find entry vendor.oplus.hardware.handlefactory@1.0::IHandleFactory/default in either framework or device VINTF manifest.
03-16 14:48:29.296   851   931 I libPowerHal: [PD] system_server update cmd:1410000 param:0
03-16 14:48:29.297  9739  9739 D CompatibilityChangeReporter: Compat change id reported: 171979766; UID 10278; state: ENABLED
03-16 14:48:29.297   851   931 I libPowerHal: [PD] system_server update cmd:1c3c000, param:1
03-16 14:48:29.297  9739  9739 I oplus.android.OplusFrameworkFactoryImpl: get feature:IOplusAutoResolutionFeature
03-16 14:48:29.297  9739  9739 I oplus.android.OplusFrameworkFactoryImpl: getOplusAutoResolutionFeature
03-16 14:48:29.297 22940 28932 E HandleFactory: Failed to get IHandleFactory hal service, null
03-16 14:48:29.297   851   931 I libPowerHal: [PD] system_server update cmd:2004100 param:2
03-16 14:48:29.298   928   928 D vendor.oplus.hardware.rpmh@2.0-service: getPowerStateSubsystemSleepState
03-16 14:48:29.298   928   928 D vendor.oplus.hardware.rpmh@2.0-service: file path: 
03-16 14:48:29.298   928   928 E vendor.oplus.hardware.rpmh@2.0-service: file path is empty
03-16 14:48:29.299   874   874 I CameraMidasService: The size of PowerFactor is 120 ,The size of PowerFactors is 0, The memory size of PowerFactors is 0
03-16 14:48:29.300  1539  3960 D OplusGameRotationService: lockRotationInGame: change state to 0
03-16 14:48:29.300  1539  1889 I mtkpower_client: ret_hdl:2290
03-16 14:48:29.300   874   874 I CameraMidasService: getExplorerInfo The size of ExplorerInfo is 200 ,The size of ExplorerInfo is 0, The memory size of ExplorerInfo is 0
03-16 14:48:29.301   851   931 I libPowerHal: system_server: cpu_ctrl set cpu freq: 2000000 -1 2600000 -1 2600000 -1
03-16 14:48:29.301   928   928 D vendor.oplus.hardware.rpmh@2.0-service: getPowerStateSubsystemSleepState
03-16 14:48:29.301   928   928 D vendor.oplus.hardware.rpmh@2.0-service: file path: 
03-16 14:48:29.301   928   928 E vendor.oplus.hardware.rpmh@2.0-service: file path is empty
03-16 14:48:29.302   928   928 D vendor.oplus.hardware.rpmh@2.0-service: getPowerStateSubsystemSleepState
03-16 14:48:29.302   928   928 D vendor.oplus.hardware.rpmh@2.0-service: file path: 
03-16 14:48:29.302   928   928 E vendor.oplus.hardware.rpmh@2.0-service: file path is empty
03-16 14:48:29.302  1539  1866 E AthenaService: MemoryGuardAction: handleAppChange
03-16 14:48:29.302   588   588 I hwservicemanager: getTransport: Cannot find entry vendor.oplus.hardware.handlefactory@1.0::IHandleFactory/default in either framework or device VINTF manifest.
03-16 14:48:29.302   928   928 D vendor.oplus.hardware.rpmh@2.0-service: getPowerStateSubsystemSleepState
03-16 14:48:29.302   928   928 D vendor.oplus.hardware.rpmh@2.0-service: file path: 
03-16 14:48:29.302   928   928 E vendor.oplus.hardware.rpmh@2.0-service: file path is empty
