03-16 14:48:29.302 22940 28932 E HandleFactory: Failed to get IHandleFactory hal service, null
03-16 14:48:29.302   928   928 D vendor.oplus.hardware.rpmh@2.0-service: getPowerStateSubsystemSleepState
03-16 14:48:29.303   928   928 D vendor.oplus.hardware.rpmh@2.0-service: file path: 
03-16 14:48:29.303   928   928 E vendor.oplus.hardware.rpmh@2.0-service: file path is empty
03-16 14:48:29.303   928   928 D vendor.oplus.hardware.rpmh@2.0-service: getPowerStateSubsystemSleepState
03-16 14:48:29.303   928   928 D vendor.oplus.hardware.rpmh@2.0-service: file path: 
03-16 14:48:29.303   928   928 E vendor.oplus.hardware.rpmh@2.0-service: file path is empty
03-16 14:48:29.303  1539  2323 D ActivityManager: getProcessesInErrorState callingUid=10279, CallingPid=30213
03-16 14:48:29.303  3376  3403 D midasd  : rm 444, fcc 3928, pchq 842, reset 45, level 12, usb 475
03-16 14:48:29.304  9739  9739 W libc    : Access denied finding property "ro.odm.prev.product.name"
03-16 14:48:29.304   588   588 I hwservicemanager: getTransport: Cannot find entry vendor.oplus.hardware.handlefactory@1.0::IHandleFactory/default in either framework or device VINTF manifest.
03-16 14:48:29.304 22940 28922 E HandleFactory: Failed to get IHandleFactory hal service, null
03-16 14:48:29.305   928   928 D vendor.oplus.hardware.rpmh@2.0-service: getPowerStateSubsystemSleepState
03-16 14:48:29.305   928   928 D vendor.oplus.hardware.rpmh@2.0-service: file path: 
03-16 14:48:29.305   928   928 E vendor.oplus.hardware.rpmh@2.0-service: file path is empty
03-16 14:48:29.305  2580  6625 W Battery : ThermalControllHandler: tempLevel=2,userMode=2,gameUserMode=-1,appType=-1,envTempType=0,appStates=[]
03-16 14:48:29.305   928   928 D vendor.oplus.hardware.rpmh@2.0-service: getPowerStateSubsystemSleepState
03-16 14:48:29.305   928   928 D vendor.oplus.hardware.rpmh@2.0-service: file path: 
03-16 14:48:29.305   928   928 E vendor.oplus.hardware.rpmh@2.0-service: file path is empty
03-16 14:48:29.306   928   928 D vendor.oplus.hardware.rpmh@2.0-service: getPowerStateSubsystemSleepState
03-16 14:48:29.306   928   928 D vendor.oplus.hardware.rpmh@2.0-service: file path: 
03-16 14:48:29.306   928   928 E vendor.oplus.hardware.rpmh@2.0-service: file path is empty
03-16 14:48:29.306  9739  9739 D LoadedApk: mApplicationInfo overrideDisplayId:null
03-16 14:48:29.307  2580  6625 W Battery : ThermalControllHandler: tempGear=2,configItemName=common_config
03-16 14:48:29.307  2580  4827 W Battery : ThermalControllHandler: MSG_THERMAL_CONTROL_CATEGORY_CHANGED
03-16 14:48:29.309   928   928 D vendor.oplus.hardware.rpmh@2.0-service: getPowerStateSubsystemSleepState
03-16 14:48:29.309   928   928 D vendor.oplus.hardware.rpmh@2.0-service: file path: 
03-16 14:48:29.309   928   928 E vendor.oplus.hardware.rpmh@2.0-service: file path is empty
03-16 14:48:29.309   928   928 D vendor.oplus.hardware.rpmh@2.0-service: getPowerStateSubsystemSleepState
03-16 14:48:29.309   928   928 D vendor.oplus.hardware.rpmh@2.0-service: file path: 
03-16 14:48:29.309   928   928 E vendor.oplus.hardware.rpmh@2.0-service: file path is empty
03-16 14:48:29.309   928   928 D vendor.oplus.hardware.rpmh@2.0-service: getPowerStateSubsystemSleepState
03-16 14:48:29.309   928   928 D vendor.oplus.hardware.rpmh@2.0-service: file path: 
03-16 14:48:29.309   928   928 E vendor.oplus.hardware.rpmh@2.0-service: file path is empty
03-16 14:48:29.313  3377  3409 E oiface  : get gpu freq table failed
03-16 14:48:29.316  3377  3409 E oiface  : get gpu freq table failed
03-16 14:48:29.322  1539  3733 D OplusAppListInterceptManager: shouldFilterTask
03-16 14:48:29.322  1539  3733 D OplusAppListInterceptManager: shouldFilterTask::packageName = nup.z
03-16 14:48:29.322  1539  3733 D OplusAppListInterceptManager: shouldFilterTask
03-16 14:48:29.322  1539  3733 D OplusAppListInterceptManager: shouldFilterTask::packageName = com.tencent.mm
03-16 14:48:29.387  9739  9739 I Quality : LaunchTime2.0: nup.z createOrUpdateClassLoaderLocked took time: 80
03-16 14:48:29.392  9739  9739 V GraphicsEnvironment: ANGLE Developer option for 'nup.z' set to: 'default'
03-16 14:48:29.392  9739  9739 V GraphicsEnvironment: App is not on the allowlist for updatable production driver.
03-16 14:48:29.393  9739  9739 D NetworkSecurityConfig: No Network Security Config specified, using platform default
03-16 14:48:29.394  9739  9739 D NetworkSecurityConfig: No Network Security Config specified, using platform default
03-16 14:48:29.408  9739  9739 I Quality : BindApplication: nup.z
03-16 14:48:29.410   916   916 E ORMS_HAL: open /sys/devices/platform/soc/soc:oplus-omrg/oplus-omrg0/ruler_enable failed(No such file or directory)
03-16 14:48:29.410   916   916 E ORMS_HAL: open /sys/devices/platform/soc/soc:oplus-omrg/oplus-omrg0/ruler_enable failed(No such file or directory)
03-16 14:48:29.411  1539  1889 I mtkpower_client: perf_lock_rel, hdl:2290, tid:1889
03-16 14:48:29.411  1539  1889 I mtkpower_client: perf_lock_acq, hdl:2290, dur:0, num:16, tid:1889
03-16 14:48:29.411   851   931 I libPowerHal: [perfLockRel] hdl:2290, idx:0
03-16 14:48:29.412   851   931 I libPowerHal: system_server: cpu_ctrl set cpu freq: -1 -1 -1 -1 -1 -1
03-16 14:48:29.412   851   931 I libPowerHal: [PD] system_server update cmd:2020000 param:1
03-16 14:48:29.412   851   931 I libPowerHal: [PD] system_server update cmd:1410000 param:0
03-16 14:48:29.412   851   931 I libPowerHal: [PD] system_server update cmd:1c3c000, param:1
03-16 14:48:29.412   851   931 I libPowerHal: [PD] system_server update cmd:2004100 param:2
03-16 14:48:29.413  1539  1889 I mtkpower_client: ret_hdl:2291
03-16 14:48:29.413  1539  2323 W ActivityManager: setGlThreads detect 9739 9761
03-16 14:48:29.414   851   931 I libPowerHal: system_server: cpu_ctrl set cpu freq: 2000000 -1 2600000 -1 2600000 -1
03-16 14:48:29.415  9739  9763 E nup.z   : Loaded layer handle (5282907851030647561) for layer /my_product/lib64/libcolorx-loader.so
03-16 14:48:29.415  9739  9763 E nup.z   : Looking for entrypoint ColorX_Check
03-16 14:48:29.416  9739  9763 E nup.z   : Found ColorX_Check for /my_product/lib64/libcolorx-loader.so
03-16 14:48:29.416  9739  9763 E nup.z   : Check failed
03-16 14:48:29.417  9739  9763 D libMEOW : meow new tls: 0xb40000760a4d5540
03-16 14:48:29.417  9739  9763 D libMEOW : meow reload base cfg path: na
03-16 14:48:29.417  9739  9763 D libMEOW : meow reload overlay cfg path: na
03-16 14:48:29.417  9739  9763 W QT      : qt_process_init() called
03-16 14:48:29.417  9739  9763 E QT      : [QT]file does not exist
03-16 14:48:29.417  9739  9763 W QT      : Support!!
03-16 14:48:29.418  9739  9763 E QT      : [QT]file does not exist
03-16 14:48:29.418  9739  9763 D libMEOW : applied 1 plugins for [nup.z]:
03-16 14:48:29.418  9739  9763 D libMEOW :   plugin 1: [libMEOW_gift.so]:
03-16 14:48:29.419  9739  9763 D libMEOW : meow delete tls: 0xb40000760a4d5540
03-16 14:48:29.441  9739  9739 E MultiApp.Impl: OplusMultiAppImpl
03-16 14:48:29.442  9739  9739 D AppCompatDelegate: Checking for metadata for AppLocalesMetadataHolderService : Service not found
03-16 14:48:29.460  9739  9739 I oplus.android.OplusFrameworkFactoryImpl: Unknow feature:IOplusTextViewRTLUtilForUG
03-16 14:48:29.467  1539  3733 W OplusNavigationBarUtil: color navigation bar util isn't init.
03-16 14:48:29.473  9739  9739 D ScrollOptimizationHelper: can't find the config file for optimizaiton
03-16 14:48:29.473  9739  9739 D ScrollOptimizationHelper: will not debug for debug is false
03-16 14:48:29.473  9739  9739 I oplus.android.OplusFrameworkFactoryImpl: get feature:IOplusDynamicVsyncFeature
03-16 14:48:29.473  9739  9739 I oplus.android.OplusFrameworkFactoryImpl: get feature:IOplusDynamicVsyncFeature
03-16 14:48:29.473  9739  9739 I oplus.android.OplusFrameworkFactoryImpl: get feature:IOplusDynamicVsyncFeature
03-16 14:48:29.475  9739  9739 D AndroidRuntime: Shutting down VM
03-16 14:48:29.477  9739  9739 E AndroidRuntime: FATAL EXCEPTION: main
03-16 14:48:29.477  9739  9739 E AndroidRuntime: Process: nup.z, PID: 9739
03-16 14:48:29.477  9739  9739 E AndroidRuntime: java.lang.RuntimeException: Unable to start activity ComponentInfo{nup.z/nup.z.MainActivity}: android.view.InflateException: Binary XML file line #31 in android:layout/screen_toolbar: Binary XML file line #31 in android:layout/screen_toolbar: Error inflating class com.android.internal.widget.ActionBarContainer
03-16 14:48:29.477  9739  9739 E AndroidRuntime: 	at android.app.ActivityThread.performLaunchActivity(ActivityThread.java:3813)
03-16 14:48:29.477  9739  9739 E AndroidRuntime: 	at android.app.ActivityThread.handleLaunchActivity(ActivityThread.java:3975)
03-16 14:48:29.477  9739  9739 E AndroidRuntime: 	at android.app.servertransaction.LaunchActivityItem.execute(LaunchActivityItem.java:103)
03-16 14:48:29.477  9739  9739 E AndroidRuntime: 	at android.app.servertransaction.TransactionExecutor.executeCallbacks(TransactionExecutor.java:135)
03-16 14:48:29.477  9739  9739 E AndroidRuntime: 	at android.app.servertransaction.TransactionExecutor.execute(TransactionExecutor.java:95)
03-16 14:48:29.477  9739  9739 E AndroidRuntime: 	at android.app.ActivityThread$H.handleMessage(ActivityThread.java:2377)
03-16 14:48:29.477  9739  9739 E AndroidRuntime: 	at android.os.Handler.dispatchMessage(Handler.java:106)
03-16 14:48:29.477  9739  9739 E AndroidRuntime: 	at android.os.Looper.loopOnce(Looper.java:233)
03-16 14:48:29.477  9739  9739 E AndroidRuntime: 	at android.os.Looper.loop(Looper.java:344)
03-16 14:48:29.477  9739  9739 E AndroidRuntime: 	at android.app.ActivityThread.main(ActivityThread.java:8205)
03-16 14:48:29.477  9739  9739 E AndroidRuntime: 	at java.lang.reflect.Method.invoke(Native Method)
03-16 14:48:29.477  9739  9739 E AndroidRuntime: 	at com.android.internal.os.RuntimeInit$MethodAndArgsCaller.run(RuntimeInit.java:589)
03-16 14:48:29.477  9739  9739 E AndroidRuntime: 	at com.android.internal.os.ZygoteInit.main(ZygoteInit.java:1071)
03-16 14:48:29.477  9739  9739 E AndroidRuntime: Caused by: android.view.InflateException: Binary XML file line #31 in android:layout/screen_toolbar: Binary XML file line #31 in android:layout/screen_toolbar: Error inflating class com.android.internal.widget.ActionBarContainer
03-16 14:48:29.477  9739  9739 E AndroidRuntime: Caused by: android.view.InflateException: Binary XML file line #31 in android:layout/screen_toolbar: Error inflating class com.android.internal.widget.ActionBarContainer
03-16 14:48:29.477  9739  9739 E AndroidRuntime: Caused by: java.lang.reflect.InvocationTargetException
03-16 14:48:29.477  9739  9739 E AndroidRuntime: 	at java.lang.reflect.Constructor.newInstance0(Native Method)
03-16 14:48:29.477  9739  9739 E AndroidRuntime: 	at java.lang.reflect.Constructor.newInstance(Constructor.java:343)
03-16 14:48:29.477  9739  9739 E AndroidRuntime: 	at android.view.LayoutInflater.createView(LayoutInflater.java:858)
03-16 14:48:29.477  9739  9739 E AndroidRuntime: 	at android.view.LayoutInflater.createViewFromTag(LayoutInflater.java:1014)
03-16 14:48:29.477  9739  9739 E AndroidRuntime: 	at android.view.LayoutInflater.createViewFromTag(LayoutInflater.java:965)
03-16 14:48:29.477  9739  9739 E AndroidRuntime: 	at android.view.LayoutInflater.rInflate(LayoutInflater.java:1144)
03-16 14:48:29.477  9739  9739 E AndroidRuntime: 	at android.view.LayoutInflater.rInflateChildren(LayoutInflater.java:1105)
03-16 14:48:29.477  9739  9739 E AndroidRuntime: 	at android.view.LayoutInflater.inflate(LayoutInflater.java:686)
03-16 14:48:29.477  9739  9739 E AndroidRuntime: 	at android.view.LayoutInflater.inflate(LayoutInflater.java:538)
03-16 14:48:29.477  9739  9739 E AndroidRuntime: 	at android.view.LayoutInflater.inflate(LayoutInflater.java:485)
03-16 14:48:29.477  9739  9739 E AndroidRuntime: 	at com.android.internal.policy.DecorView.onResourcesLoaded(DecorView.java:2370)
03-16 14:48:29.477  9739  9739 E AndroidRuntime: 	at com.android.internal.policy.PhoneWindow.generateLayout(PhoneWindow.java:2688)
03-16 14:48:29.477  9739  9739 E AndroidRuntime: 	at com.android.internal.policy.PhoneWindow.installDecor(PhoneWindow.java:2751)
03-16 14:48:29.477  9739  9739 E AndroidRuntime: 	at com.android.internal.policy.PhoneWindow.getDecorView(PhoneWindow.java:2156)
03-16 14:48:29.477  9739  9739 E AndroidRuntime: 	at nup.z.MainActivity.onCreate(MainActivity.java:32)
03-16 14:48:29.477  9739  9739 E AndroidRuntime: 	at android.app.Activity.performCreate(Activity.java:8130)
03-16 14:48:29.477  9739  9739 E AndroidRuntime: 	at android.app.Activity.performCreate(Activity.java:8110)
03-16 14:48:29.477  9739  9739 E AndroidRuntime: 	at android.app.Instrumentation.callActivityOnCreate(Instrumentation.java:1343)
03-16 14:48:29.477  9739  9739 E AndroidRuntime: 	at android.app.ActivityThread.performLaunchActivity(ActivityThread.java:3782)
03-16 14:48:29.477  9739  9739 E AndroidRuntime: 	at android.app.ActivityThread.handleLaunchActivity(ActivityThread.java:3975)
03-16 14:48:29.477  9739  9739 E AndroidRuntime: 	at android.app.servertransaction.LaunchActivityItem.execute(LaunchActivityItem.java:103)
03-16 14:48:29.477  9739  9739 E AndroidRuntime: 	at android.app.servertransaction.TransactionExecutor.executeCallbacks(TransactionExecutor.java:135)
03-16 14:48:29.477  9739  9739 E AndroidRuntime: 	at android.app.servertransaction.TransactionExecutor.execute(TransactionExecutor.java:95)
03-16 14:48:29.477  9739  9739 E AndroidRuntime: 	at android.app.ActivityThread$H.handleMessage(ActivityThread.java:2377)
03-16 14:48:29.477  9739  9739 E AndroidRuntime: 	at android.os.Handler.dispatchMessage(Handler.java:106)
03-16 14:48:29.477  9739  9739 E AndroidRuntime: 	at android.os.Looper.loopOnce(Looper.java:233)
03-16 14:48:29.477  9739  9739 E AndroidRuntime: 	at android.os.Looper.loop(Looper.java:344)
03-16 14:48:29.477  9739  9739 E AndroidRuntime: 	at android.app.ActivityThread.main(ActivityThread.java:8205)
03-16 14:48:29.477  9739  9739 E AndroidRuntime: 	at java.lang.reflect.Method.invoke(Native Method)
03-16 14:48:29.477  9739  9739 E AndroidRuntime: 	at com.android.internal.os.RuntimeInit$MethodAndArgsCaller.run(RuntimeInit.java:589)
03-16 14:48:29.477  9739  9739 E AndroidRuntime: 	at com.android.internal.os.ZygoteInit.main(ZygoteInit.java:1071)
03-16 14:48:29.477  9739  9739 E AndroidRuntime: Caused by: java.lang.UnsupportedOperationException: Failed to resolve attribute at index 13: TypedValue{t=0x2/d=0x1010433 a=1}
03-16 14:48:29.477  9739  9739 E AndroidRuntime: 	at android.content.res.TypedArray.getDrawableForDensity(TypedArray.java:998)
03-16 14:48:29.477  9739  9739 E AndroidRuntime: 	at android.content.res.TypedArray.getDrawable(TypedArray.java:982)
03-16 14:48:29.477  9739  9739 E AndroidRuntime: 	at android.view.View.<init>(View.java:5559)
03-16 14:48:29.477  9739  9739 E AndroidRuntime: 	at android.view.ViewGroup.<init>(ViewGroup.java:707)
03-16 14:48:29.477  9739  9739 E AndroidRuntime: 	at android.widget.FrameLayout.<init>(FrameLayout.java:99)
03-16 14:48:29.477  9739  9739 E AndroidRuntime: 	at android.widget.FrameLayout.<init>(FrameLayout.java:94)
03-16 14:48:29.477  9739  9739 E AndroidRuntime: 	at android.widget.FrameLayout.<init>(FrameLayout.java:89)
03-16 14:48:29.477  9739  9739 E AndroidRuntime: 	at com.android.internal.widget.ActionBarContainer.<init>(ActionBarContainer.java:57)
03-16 14:48:29.477  9739  9739 E AndroidRuntime: 	... 31 more
03-16 14:48:29.479  1539  2429 D OplusAppStartupMonitor: notifyUnstableAppInfo: Bundle[{unstableTime=1678949309478, reason=crash, userId=0, safecenter=unstable, exceptionMsg=Failed to resolve attribute at index 13: TypedValue{t=0x2/d=0x1010433 a=1}, exceptionClass=java.lang.UnsupportedOperationException, packageName=nup.z, unstable_restrict_switch=true}]
03-16 14:48:29.479  3847  5195 I Athena  : StartupManager: onUpdateUnstableRecord: unstable crash!
03-16 14:48:29.479   851   931 D RilUtility: notify_rild_crash_pid_set certPid:-1, crash:9739, scn:0x0
03-16 14:48:29.479  1539  3733 D OplusAmsUtilsFeatrue: detectExceptionsForOIDT type:0
03-16 14:48:29.481  1539  3733 W ActivityTaskManager:   Force finishing activity nup.z/.MainActivity
03-16 14:48:29.482  1539  9764 I DropBoxManagerService: add tag=data_app_crash isTagEnabled=true flags=0x2
03-16 14:48:29.482   916   916 E ORMS_HAL: open /sys/devices/platform/soc/soc:oplus-omrg/oplus-omrg0/ruler_enable failed(No such file or directory)
03-16 14:48:29.482  1539  3733 I InputDispatcher: setFocusedApplication displayId=0 ActivityRecord{80da386 u0 com.android.launcher/.Launcher t5}
03-16 14:48:29.482   916   916 E ORMS_HAL: open /sys/devices/platform/soc/soc:oplus-omrg/oplus-omrg0/ruler_enable failed(No such file or directory)
03-16 14:48:29.482  1539  3733 V OplusZoomWindowManagerService: prepareZoomTransition: curStack=Task{e0ac8e6 #3763 type=standard A=10278:nup.z U=0 visible=false mode=fullscreen translucent=true sz=1}   nextStackTask{8761cfd #1 type=home ?? U=0 visible=true mode=fullscreen translucent=true sz=1}
03-16 14:48:29.482  1539  1889 I mtkpower_client: perf_lock_rel, hdl:2291, tid:1889
03-16 14:48:29.482  1539  9552 W OplusSelfProtectManager: pkg[com.oplus.crashbox] not in policy list
03-16 14:48:29.483   851   931 I libPowerHal: [perfLockRel] hdl:2291, idx:0
03-16 14:48:29.483  1539  1889 I mtkpower_client: perf_lock_acq, hdl:2291, dur:0, num:16, tid:1889
03-16 14:48:29.483   851   931 I libPowerHal: system_server: cpu_ctrl set cpu freq: -1 -1 -1 -1 -1 -1
03-16 14:48:29.483   851   931 I libPowerHal: [PD] system_server update cmd:2020000 param:1
03-16 14:48:29.483   851   931 I libPowerHal: [PD] system_server update cmd:1410000 param:0
03-16 14:48:29.483   851   931 I libPowerHal: [PD] system_server update cmd:1c3c000, param:1
03-16 14:48:29.483   851   931 I libPowerHal: [PD] system_server update cmd:2004100 param:2
03-16 14:48:29.483  1539  1889 I mtkpower_client: ret_hdl:2292
03-16 14:48:29.483  1539  9764 D DropBoxManagerService: file :: /data/system/dropbox/data_app_crash@1678949309482.txt
03-16 14:48:29.484  1539  9764 W AES     : Exception Log handling...
03-16 14:48:29.484  1539  9764 W AES     : Skipped - do not care third party apk
03-16 14:48:29.484   916   916 E ORMS_HAL: open /sys/devices/platform/soc/soc:oplus-omrg/oplus-omrg0/ruler_enable failed(No such file or directory)
03-16 14:48:29.484   851   931 I libPowerHal: system_server: cpu_ctrl set cpu freq: 2000000 -1 2600000 -1 2600000 -1
03-16 14:48:29.484   916   916 E ORMS_HAL: open /sys/devices/platform/soc/soc:oplus-omrg/oplus-omrg0/ruler_enable failed(No such file or directory)
03-16 14:48:29.485  1539  1889 I mtkpower_client: perf_lock_rel, hdl:2292, tid:1889
03-16 14:48:29.485  9739  9739 I Process : Sending signal. PID: 9739 SIG: 9
03-16 14:48:29.486  1539  1889 I mtkpower_client: perf_lock_acq, hdl:2292, dur:0, num:16, tid:1889
03-16 14:48:29.486   851   931 I libPowerHal: [perfLockRel] hdl:2292, idx:0
03-16 14:48:29.487   851   931 I libPowerHal: system_server: cpu_ctrl set cpu freq: -1 -1 -1 -1 -1 -1
03-16 14:48:29.487   851   931 I libPowerHal: [PD] system_server update cmd:2020000 param:1
03-16 14:48:29.487   851   931 I libPowerHal: [PD] system_server update cmd:1410000 param:0
03-16 14:48:29.488  1539  1717 W BroadcastQueue: Background execution not allowed: receiving Intent { act=android.intent.action.DROPBOX_ENTRY_ADDED flg=0x10 (has extras) } to com.google.android.gms/.stats.service.DropBoxEntryAddedReceiver
03-16 14:48:29.488   851   931 I libPowerHal: [PD] system_server update cmd:1c3c000, param:1
03-16 14:48:29.488   851   931 I libPowerHal: [PD] system_server update cmd:2004100 param:2
03-16 14:48:29.489  1539  3733 D OplusKeepAliveManager: TOP_APP is ProcessRecord{a2922be 2488:com.android.launcher/u0a178} uid is 10178
03-16 14:48:29.489  1539  1719 E OplusThermalStats: Error getting package info: com.android.launcher
03-16 14:48:29.489  1539  1889 I mtkpower_client: ret_hdl:2293
03-16 14:48:29.489   851   931 I libPowerHal: system_server: cpu_ctrl set cpu freq: 2000000 -1 2200000 -1 2284000 -1
03-16 14:48:29.490  1539  1691 I Quality : LaunchTime2.0: nup.z/.MainActivity 1 277
03-16 14:48:29.494  1539  1717 W BroadcastQueue: Background execution not allowed: receiving Intent { act=android.intent.action.DROPBOX_ENTRY_ADDED flg=0x10 (has extras) } to com.google.android.gms/.chimera.GmsIntentOperationService$PersistentTrustedReceiver
03-16 14:48:29.498  1539  3983 V ActivityManager: Death received in com.android.server.am.ActivityManagerService$AppDeathRecipient@74f5134 for thread android.os.BinderProxy@9bb9b5d
03-16 14:48:29.499  2546  3055 I iopgp   : Iopgp: TRANSACTION_IOPGP_ON_ACTIVITY_LAUNCH_CANCELLED sequence_id = 29 title = 
03-16 14:48:29.499   804   804 I Zygote  : Process 9739 exited due to signal 9 (Killed)
03-16 14:48:29.499  2546  3055 I iopgp   : Iopgp::abort tracing.
03-16 14:48:29.499  1539  3983 D TheiaManager: com.android.server.wm.OplusWindowManagerService@12e5a04 getDeclaredField : com.android.server.wm.WindowManagerService.mRoot
03-16 14:48:29.499  1539  3983 D TheiaManager: com.android.server.wm.RootWindowContainer@1d0a782 callDeclaredMethod : com.android.server.wm.RootWindowContainer.getTopFocusedDisplayContent param[] null args[]null
03-16 14:48:29.499  1539  1712 I libprocessgroup: Successfully killed process cgroup uid 10278 pid 9739 in 0ms
03-16 14:48:29.499  1539  3983 D TheiaManager: Display 0 info=DisplayInfo{"内置屏幕", displayId 0", displayGroupId 0, FLAG_SECURE, FLAG_SUPPORTS_PROTECTED_BUFFERS, FLAG_TRUSTED, real 1080 x 2400, largest app 2161 x 2161, smallest app 1080 x 973, appVsyncOff 7955555, presDeadline 17488889, mode 2, defaultMode 1, modes [{id=1, width=1080, height=2400, fps=60.0, alternativeRefreshRates=[90.0]}, {id=2, width=1080, height=2400, fps=90.0, alternativeRefreshRates=[60.0]}], hdrCapabilities HdrCapabilities{mSupportedHdrTypes=[2, 3, 4], mMaxLuminance=500.0, mMaxAverageLuminance=500.0, mMinLuminance=0.0}, userDisabledHdrTypes [], minimalPostProcessingSupported false, rotation 0, state ON, type INTERNAL, uniqueId "local:0", app 1080 x 2161, density 480 (409.432 x 409.127) dpi, layerStack 0, colorMode 0, supportedColorModes [0], address {port=0}, deviceProductInfo null, removeMode 0, refreshRateOverride 0.0, brightnessMinimum 0.0, brightnessMaximum 1.0, brightnessDefault 2746.0} rootTasks=[WindowedMagnification:0:31@191709037, HideDisplayCutout:32:55@173726168, Leaf:56:57@90235067, HideDisplayCutout:58:99@123302592, Leaf:100:100@198716483] getDeclaredField : com.android.server.wm.DisplayContent.mFocusedApp
03-16 14:48:29.499  1539  3983 D TheiaManager: ActivityRecord{80da386 u0 com.android.launcher/.Launcher t5} callDeclaredMethod : com.android.server.wm.ActivityRecord.getPid param[] null args[]null
03-16 14:48:29.499  1539  3983 E TheiaManager: [tagL]: calling catchLog()..., focusedPid:2488 pids:[2488]
03-16 14:48:29.499  1539  3983 D TheiaManager: No stackTrace found in args
03-16 14:48:29.499  1539  3983 D TheiaManager: KEY:logTypeVALUE:ApplicationFGCrash
03-16 14:48:29.499  1539  3983 D TheiaManager: KEY:deadMomentVALUE:1678949309499
03-16 14:48:29.499  1539  3983 D TheiaManager: KEY:appNameVALUE:NUP
03-16 14:48:29.499  1539  3983 D TheiaManager: KEY:packageVersionVALUE:1.0
03-16 14:48:29.499  1539  3983 D TheiaManager: KEY:packageNameVALUE:nup.z
03-16 14:48:29.499  1539  3983 D TheiaCrashMonitor: nup.zcrash
03-16 14:48:29.500  1539  3983 I ActivityManager: Process nup.z (pid 9739) has died: fg  TOP 
03-16 14:48:29.500  1539  3983 W ContextImpl: Calling a method in the system process without a qualified user: android.app.ContextImpl.sendBroadcast:1177 com.android.server.am.OplusExtraActivityManagerService.setKeyLockModeNormal:51 com.android.server.am.ActivityManagerServiceExtImpl.setKeyLockModeNormal:803 com.android.server.am.ActivityManagerService.appDiedLocked:3421 com.android.server.am.ActivityManagerService$AppDeathRecipient.binderDied:1536 
03-16 14:48:29.500  1539  5695 D TheiaSocketClient: TheiaSend receive content : 4298113028:ApplicationFGCrash:1678949309499
03-16 14:48:29.500  1539  5695 D TheiaSocketClient: send message success
03-16 14:48:29.500  1322  5930 I theia_socket: recv 4298113028:ApplicationFGCrash:1678949309499
03-16 14:48:29.500  1322  5930 I theia_socket: nowEvent is not KeyEvent
03-16 14:48:29.501   851   931 D RilUtility: notify_rild_crash_pid_set certPid:-1, crash:9739, scn:0x0
03-16 14:48:29.501  4047  7932 V DeepThinker: ProcessManager: onProcessDied pid:9739, uid:10278
03-16 14:48:29.502  1539  2770 I OplusHansManager : onUidGone(), 10278 nup.z exit SM
03-16 14:48:29.502  1539  3983 D OplusStartingWindowManager: interceptRemoveStartingWindow activity.packageName=nup.z isSnapshot=false mStartingSurfaceRunnable=null
03-16 14:48:29.502  1539  3983 D OplusSplitScreenManagerService: notifyRemoveStartingWindow mOplusSpiltScreenDnDUI is null, just return!
03-16 14:48:29.503  1539  3983 I OplusHansManager : front pkg: com.android.launcher, uid: 10178, prev pkg: nup.z, prev uid: 10278
03-16 14:48:29.503  2222  2948 I BufferQueueProducer: [ViewRootImpl[z]#87(BLAST Consumer)87](id:8ae0000006b,api:1,p:2222,c:2222) disconnect: api 1
03-16 14:48:29.503  1539  2237 I Osense-DecisionMaker: notifySceneToPolicy...SCENE_LAUNCHER
03-16 14:48:29.503  2222  2948 E BLASTBufferQueue: BLASTBufferItemConsumer::onDisconnect()
03-16 14:48:29.503  2222  2358 D View    : [Warning] assignParent to null: this = android.widget.FrameLayout{e0d3fcc V.E...... ........ 0,0-1080,2400}
03-16 14:48:29.503  1539  2237 D Osense-DecisionMaker: getCurrentSysStats, memMb: 6848
03-16 14:48:29.503  1539  2770 I OplusHansManager : notifyAppGoForeground, uid=10178
03-16 14:48:29.503  1539  2770 I OplusHansManager : notifyAppGoBackground, uid=10278
03-16 14:48:29.504  2222  2358 V OplusZoomWindowDecorViewHelper: removeZoomView
03-16 14:48:29.504  1539  2450 I OplusResourcePreloadManager: resume pkg: com.android.launcher, uid:10178, prev pkg: nup.z, prev uid: 10278
03-16 14:48:29.504  2222  2358 I BLASTBufferQueue: [ViewRootImpl[z]#87] destructor()
03-16 14:48:29.504  2222  2358 I BufferQueueConsumer: [ViewRootImpl[z]#87(BLAST Consumer)87](id:8ae0000006b,api:0,p:-1,c:2222) disconnect
03-16 14:48:29.505  1539  3983 D TaskExtImpl: addColorModeOnResume resume=true pkg = com.android.launcher
03-16 14:48:29.512  2488  2571 E Parcel  : Reading a NULL string not supported here.
03-16 14:48:29.516  1539  3960 W InputManager-JNI: Input channel object '5c62770 Splash Screen nup.z (client)' was disposed without first being removed with the input manager!
03-16 14:48:29.516  1539  3960 D WindowManager: setParent old=ActivityRecord{bb1ce27 u0 nup.z/.MainActivity t3763 f} isExiting},new=null,this window=Window{5c62770 u0 Splash Screen nup.z EXITING},callers=com.android.server.wm.WindowContainer.removeChild:634 com.android.server.wm.ActivityRecord.removeChild:4074 com.android.server.wm.ActivityRecord.removeChild:389 com.android.server.wm.WindowContainer.removeImmediately:686 com.android.server.wm.WindowState.removeImmediately:2518 com.android.server.wm.WindowState.removeIfPossible:2714 
03-16 14:48:29.516  1539  3960 I WindowStateExtImpl: onSurfaceShowChange show = false mPackageName = nup.z parentPkgName = nup.z
03-16 14:48:29.518  1539  3960 W WindowManager: Changing focus from null to Window{6b59f98 u0 com.android.launcher/com.android.launcher.Launcher} displayId=0 Callers=com.android.server.wm.RootWindowContainer.updateFocusedWindowLocked:492 com.android.server.wm.WindowManagerService.updateFocusedWindowLocked:6010 com.android.server.wm.WindowState.removeIfPossible:2723 com.android.server.wm.WindowState.removeIfPossible:2584 
03-16 14:48:29.518  1539  3960 D Theia.NoFocusWindow: FocusWindowErrorScene cancelCheckFreezeScreen
03-16 14:48:29.519  1539  3946 D OplusDisplayPolicy: com.android.launcher, change system app cutoutMode: oplus always
03-16 14:48:29.519  2488  2571 E Parcel  : Reading a NULL string not supported here.
03-16 14:48:29.524   851   870 I mtkpower@impl: [setMode] type:5, enabled:0
03-16 14:48:29.525  1539  3960 I PowerHalWrapper: amsBoostStop AMS_BOOST_PACK_SWITCH:true, AMS_BOOST_ACT_SWITCH:false, AMS_BOOST_PROCESS_CREATE:true 
03-16 14:48:29.527  1539  1691 I VRR [OPlusRefreshRateManager]: hasADFRFeature return false
03-16 14:48:29.527  2488  2571 E Parcel  : Reading a NULL string not supported here.
03-16 14:48:29.527  1539  1691 I DisplayManagerService: Comparing display specs: baseModeId=2 allowGroupSwitching=false primaryRefreshRateRange=[0 90] appRequestRefreshRateRange=[0 90] vrrPolicy=POLICY_DEFAULT, existing: baseModeId=1 allowGroupSwitching=false primaryRefreshRateRange=[0 90] appRequestRefreshRateRange=[0 90] vrrPolicy=POLICY_DEFAULT
03-16 14:48:29.528   946   946 D OplusLayer: ~Layer() sequence=1956, name=Surface(name=2e9a99 NavigationBar0)/@0x8100a4 - animation-leash of insets_animation#1 0xb4000074faed4800
03-16 14:48:29.528   946   946 D OplusLayer: ~Layer() sequence=1955, name=Surface(name=8e6b5fd StatusBar)/@0x41a9836 - animation-leash of insets_animation#1 0xb4000074faef1800
03-16 14:48:29.528   946   946 D OplusLayer: ~Layer() sequence=1950, name=5c62770 Splash Screen nup.z#0 0xb4000074b724d000
03-16 14:48:29.529  1539  2989 I FocusResolver: updateFocusedWindow, 6b59f98 com.android.launcher/com.android.launcher.Launcher on display 0, reason: Window became focusable. Previous reason: NO_WINDOW, result:   FocusedWindows:
03-16 14:48:29.529  1539  2989 I FocusResolver:     displayId=0, name='6b59f98 com.android.launcher/com.android.launcher.Launcher'
03-16 14:48:29.529   946   946 I BufferQueueDebug: [Splash Screen nup.z#0](this:0xb4000074b7268998,id:-1,api:0,p:-1,c:946) onDestructor()
03-16 14:48:29.529   946   946 D OplusLayer: ~Layer() sequence=1951, name=Splash Screen nup.z#0 0xb4000074b7266000
03-16 14:48:29.530  1539  3960 D InputMethodManagerService: isSecurity: attribute.packageName=com.android.launcher mCurMethodId=com.sohu.inputmethod.sogouoem/.SogouIME
03-16 14:48:29.530  1539  3960 D InputMethodManagerService: isSecurity= false (  enable=true needShow=false inBlackList=false isExist=true )
03-16 14:48:29.530  2580  4894 E AbnormalAppMonitor_service: findReport =  false
03-16 14:48:29.531  2580  4894 E AbnormalAppMonitor_service: handleCrash, no info matched, try update!
03-16 14:48:29.531  2222  4588 I BLASTBufferQueue: releaseBufferCallbackThunk bufferId:9543417332509 framenumber:1 blastBufferQueue is dead
03-16 14:48:29.534  2488  2571 E Parcel  : Reading a NULL string not supported here.
03-16 14:48:29.537   946   992 D SurfaceFlinger: VRR [SurfaceFlinger] setDesiredDisplayModeSpecs, from process 1539
03-16 14:48:29.537   946   946 D SurfaceFlinger: VRR [SurfaceFlinger] setDesiredDisplayModeSpecsInternal: default mode ID: 1, allowGroupSwitching = 0, primary range: [0.00fps 90.00fps], app request range: [0.00fps 90.00fps]
03-16 14:48:29.537   946   946 D SurfaceFlinger: VRR [SurfaceFlinger] setDesiredDisplayModeSpecsInternal: 1 (90.00fps)
03-16 14:48:29.537   946   946 D SurfaceFlinger: VRR [SurfaceFlinger] setDesiredActiveMode: 90.00fps event: 1 
03-16 14:48:29.537  1539  1737 D VRR [OPlusRefreshRateService]: onConfigChanged physicalDisplayId: 0 modeId: 1
03-16 14:48:29.537   946   992 E HWComposer: getSupportedContentTypes: getSupportedContentTypes failed for display 0: Unsupported (8)
03-16 14:48:29.539 24589 24887 W oaps_host: OapsProvider query, callingPkg = com.oplus.battery, callingPid = 2580, uriMap = {path=/support, scheme=oaps, sgtp=1, base_pkg=android, host=mk, tp=/dtd, enterId=38}
03-16 14:48:29.551  1168  1168 I thermal_repeater: [recvMdThermalInfo] ret=32, strLen=127,  2, 32767, -127, 0, 32767, 10363
03-16 14:48:29.622  1539  4477 V OplusZoomWindowManagerService: onAnimationFinished:  r = ActivityRecord{80da386 u0 com.android.launcher/.Launcher t5}
03-16 14:48:29.622  1539  4477 I OplusAppSwitchManagerService:  handleAppVisible , r = ActivityRecord{80da386 u0 com.android.launcher/.Launcher t5}
03-16 14:48:29.623  1539  4477 V OplusZoomWindowManagerService: onAnimationFinished:  r = ActivityRecord{bb1ce27 u0 nup.z/.MainActivity t3763 f} isExiting}
03-16 14:48:29.625  1539  1691 I VRR [OPlusRefreshRateManager]: hasADFRFeature return false
03-16 14:48:29.625  1539  1691 I DisplayManagerService: Comparing display specs: baseModeId=1 allowGroupSwitching=false primaryRefreshRateRange=[0 90] appRequestRefreshRateRange=[0 90] vrrPolicy=POLICY_DEFAULT, existing: baseModeId=2 allowGroupSwitching=false primaryRefreshRateRange=[0 90] appRequestRefreshRateRange=[0 90] vrrPolicy=POLICY_DEFAULT
03-16 14:48:29.628   946  1600 D SurfaceFlinger: VRR [SurfaceFlinger] setDesiredDisplayModeSpecs, from process 1539
03-16 14:48:29.628   946   946 D SurfaceFlinger: VRR [SurfaceFlinger] setDesiredDisplayModeSpecsInternal: default mode ID: 0, allowGroupSwitching = 0, primary range: [0.00fps 90.00fps], app request range: [0.00fps 90.00fps]
03-16 14:48:29.628   946   946 D SurfaceFlinger: VRR [SurfaceFlinger] setDesiredDisplayModeSpecsInternal: 1 (90.00fps)
03-16 14:48:29.628   946   946 D SurfaceFlinger: VRR [SurfaceFlinger] setDesiredActiveMode: 90.00fps event: 1 
03-16 14:48:29.628  1539  1737 D VRR [OPlusRefreshRateService]: onConfigChanged physicalDisplayId: 0 modeId: 1
03-16 14:48:29.628   946  1600 E HWComposer: getSupportedContentTypes: getSupportedContentTypes failed for display 0: Unsupported (8)
03-16 14:48:29.629  1539  1692 D WindowManager: setParent old=Task{e0ac8e6 #3763 type=standard A=10278:nup.z U=0 visible=false mode=fullscreen translucent=true sz=0},new=null,this window=ActivityRecord{bb1ce27 u0 nup.z/.MainActivity t3763 f}},callers=com.android.server.wm.WindowContainer.removeChild:634 com.android.server.wm.Task.removeChild:1857 com.android.server.wm.Task.removeChild:1836 com.android.server.wm.WindowContainer.removeImmediately:686 com.android.server.wm.WindowToken.removeImmediately:376 com.android.server.wm.ActivityRecord.removeImmediately:3878 
03-16 14:48:29.630  1539  1692 D OplusMirageWindowManagerService: onTaskRemoved displayid:0 taskId:3763 callers:com.android.server.wm.TaskDisplayArea.removeChildTask:425 com.android.server.wm.TaskDisplayArea.removeChild:414 com.android.server.wm.WindowContainer.removeImmediately:686 com.android.server.wm.Task.removeImmediately:3369 com.android.server.wm.Task.removeIfPossible:1049 
03-16 14:48:29.630  1539  1692 I OplusScreenSecurityMask: onStackRemoved task = Task{e0ac8e6 #3763 type=standard A=10278:nup.z U=0 visible=false mode=fullscreen translucent=true sz=0} record = null displayId = 0
03-16 14:48:29.630  1539  1692 D WindowManager: setParent old=DefaultTaskDisplayArea@38247582,new=null,this window=Task{e0ac8e6 #3763 type=standard A=10278:nup.z U=0 visible=false mode=fullscreen translucent=true sz=0},callers=com.android.server.wm.WindowContainer.removeChild:634 com.android.server.wm.TaskDisplayArea.removeChildTask:427 com.android.server.wm.TaskDisplayArea.removeChild:414 com.android.server.wm.WindowContainer.removeImmediately:686 com.android.server.wm.Task.removeImmediately:3369 com.android.server.wm.Task.removeIfPossible:1049 
03-16 14:48:29.630  1539  1692 D TaskExtImpl: remove ActivityRecord{bb1ce27 u0 nup.z/.MainActivity t-1 f}} to mActivityRecordSum = Counter{ }
03-16 14:48:29.631  1539  1692 W ActivityTaskManager: Can't find TaskDisplayArea to determine support for multi window. Task id=3763 attached=false
03-16 14:48:29.631  1539  1692 W ActivityTaskManager: Can't find TaskDisplayArea to determine support for multi window. Task id=3763 attached=false
03-16 14:48:29.633  1539  4477 D OplusAppListInterceptManager: shouldFilterTask
03-16 14:48:29.633  1539  4477 D OplusAppListInterceptManager: shouldFilterTask::packageName = nup.z
03-16 14:48:29.633  1539  4477 D OplusAppListInterceptManager: shouldFilterTask
03-16 14:48:29.633  1539  4477 D OplusAppListInterceptManager: shouldFilterTask::packageName = com.tencent.mm
03-16 14:48:29.633  1539  4477 D OplusAppListInterceptManager: shouldFilterTask
03-16 14:48:29.633  1539  4477 D OplusAppListInterceptManager: shouldFilterTask::packageName = com.heytap.browser
03-16 14:48:29.634  1539  1558 D OplusAppListInterceptManager: shouldFilterTask
03-16 14:48:29.634  1539  1558 D OplusAppListInterceptManager: shouldFilterTask::packageName = nup.z
03-16 14:48:29.634  1539  1558 D OplusAppListInterceptManager: shouldFilterTask
03-16 14:48:29.634  1539  1558 D OplusAppListInterceptManager: shouldFilterTask::packageName = com.tencent.mm
03-16 14:48:29.634  1539  1558 D OplusAppListInterceptManager: shouldFilterTask
03-16 14:48:29.634  1539  1558 D OplusAppListInterceptManager: shouldFilterTask::packageName = com.heytap.browser
03-16 14:48:29.641   946   946 D OplusLayer: ~Layer() sequence=1959, name=Task=3763#1 0xb4000074b7237800
03-16 14:48:29.641   946   946 D OplusLayer: ~Layer() sequence=1949, name=ActivityRecord{bb1ce27 u0 nup.z/.MainActivity#0 0xb4000074d0313000
03-16 14:48:29.728  1539  1737 D VRR [OPlusRefreshRateService]: handleConfigIdChange physicalDisplayId: 0 configId: 1
03-16 14:48:29.783  1539  9616 W OplusSelfProtectManager: pkg[com.oplus.crashbox] not in policy list
03-16 14:48:29.796  2580  2905 D AppSwitchListener: onAppEnter: Uid = 10278
03-16 14:48:29.796  2580  2905 W AuthDialogHelper: checkNotificationSwitchFirst() called with: context = [com.oplus.notification.NotificationCenterService@600ae95], pkg = [nup.z], uid = [10278], userId = [0], init checker
03-16 14:48:29.797  2580  2905 E AuthDialogHelper: CheckNotificationCanBeSetSecond: check nup.z , Notification master switch on, unable to pop dialog
03-16 14:48:29.804  1539  1558 D ActivityManager: getProcessesInErrorState callingUid=10279, CallingPid=30213
03-16 14:48:29.982  1539  1691 W ActivityTaskManager: Activity top resumed state loss timeout for ActivityRecord{bb1ce27 u0 nup.z/.MainActivity t-1 f}}
03-16 14:48:29.982  1539  1691 I OplusJoystickManager: handleApplicationSwitch deprecated!
03-16 14:48:29.983  1539  2620 D OplusEapManager: mTargetExitName :nup.z
03-16 14:48:29.983  1539  2620 V DCSEX-AppSwitchManager: OnAppSwitchObserver: onAppExit, resuming = com.android.launcher, target = nup.z, is ResumingFirstStart =  false, is ResumingMultiApp =  false, extensionInfo =  Bundle[{taskId=5, uid=10178}]
03-16 14:48:29.983  1539  1691 I PowerHalWrapper: amsBoostNotify pid:2488,activity:com.android.launcher.Launcher, package:com.android.launcher, mProcessCreatePacknup.z 
03-16 14:48:29.983  1539  2620 D VRR [OPlusFrontAppManager]: OnAppSwitchObserver: onAppExit , info.targetName = nup.z
03-16 14:48:29.983  1539  2620 D VRR [OPlusFrontAppManager]: packageName: null
03-16 14:48:29.983  1539  1737 D VRR [OPlusRefreshRateService]: handleFrontAppChange pkgName: null
03-16 14:48:29.984  1539  1737 D VRR [OPlusExternalRefreshRateManager]: setFrontPackageName pkgName: null CurPkgName: nup.z
03-16 14:48:29.984  1539  1691 I PowerHalWrapper: state: 1 
03-16 14:48:29.984  1539  5828 D DCSEX-AppLaunchEventRecorder: onAppSwitch from = nup.z to = com.android.launcher
03-16 14:48:29.984  1539  1691 I PowerHalWrapper: amsBoostNotify AMS_BOOST_PROCESS_CREATE_BOOST:true 
03-16 14:48:29.985   851   931 I libPowerHal: [perfNotifyAppState] foreground:com.android.launcher, pid:2488, uid:10178
03-16 14:48:29.985  2580  5189 D AppSwitchListener: onAppExit() called !
03-16 14:48:29.985  1539  2620 D OplusEapManager: mTargetEnterName :com.android.launcher
03-16 14:48:29.985  1539  2620 V DCSEX-AppSwitchManager: OnAppSwitchObserver: onAppEnter, launchedFrom =  null, target =  com.android.launcher, is firstStart =  false, is multiApp =  false, extensionInfo =  Bundle[{taskId=5, pid=2488, uid=10178}]
03-16 14:48:29.985  1539  2620 D VRR [OPlusFrontAppManager]: OnAppSwitchObserver: onAppEnter , info.targetName = com.android.launcher
03-16 14:48:29.985  1539  2620 D VRR [OPlusFrontAppManager]: packageName: com.android.launcher
03-16 14:48:29.985  2580  6625 W Battery : ThermalControlUtils: mForegroundPkg=com.android.launcher
03-16 14:48:29.986  1539  1737 D VRR [OPlusRefreshRateService]: handleFrontAppChange pkgName: com.android.launcher
03-16 14:48:29.986  1539  1737 D VRR [OPlusExternalRefreshRateManager]: setFrontPackageName pkgName: com.android.launcher CurPkgName: null
03-16 14:48:29.986   851   931 I UxUtility: notifyForegroundApp pack:com.android.launcher, uid:10178
03-16 14:48:29.986   851   931 I TouchUtility: notifyAppState error = NULL
03-16 14:48:29.988 22986 23007 D ZoomAppController: ignore onAppEnter: mCurrentZoomInfo is null
03-16 14:48:29.988  1539  1866 E AthenaService: MemoryGuardAction: handleAppChange
03-16 14:48:29.988   851   869 I mtkpower@impl: [notifyAppState] pc:0, nup.z => com.android.launcher
03-16 14:48:29.989 22940 28934 I obrain  : app forground called:com.android.launcher
03-16 14:48:29.989   928   928 D vendor.oplus.hardware.rpmh@2.0-service: getPowerStateSubsystemSleepState
03-16 14:48:29.989   928   928 D vendor.oplus.hardware.rpmh@2.0-service: file path: 
03-16 14:48:29.989   928   928 E vendor.oplus.hardware.rpmh@2.0-service: file path is empty
03-16 14:48:29.989   874   874 I CameraMidasService: The size of PowerFactor is 120 ,The size of PowerFactors is 0, The memory size of PowerFactors is 0
03-16 14:48:29.989   588   588 I hwservicemanager: getTransport: Cannot find entry vendor.oplus.hardware.handlefactory@1.0::IHandleFactory/default in either framework or device VINTF manifest.
03-16 14:48:29.990   928   928 D vendor.oplus.hardware.rpmh@2.0-service: getPowerStateSubsystemSleepState
03-16 14:48:29.990   928   928 D vendor.oplus.hardware.rpmh@2.0-service: file path: 
03-16 14:48:29.990   928   928 E vendor.oplus.hardware.rpmh@2.0-service: file path is empty
03-16 14:48:29.990  1539  3946 D OplusPowerMonitor: OplusWakeLockInfo{binderhash=117959190flags=1, tag=*launch*, duration=231, starttime=258518761, packageName='android', uid=1000, pid=1539}
03-16 14:48:29.990   874   874 I CameraMidasService: getExplorerInfo The size of ExplorerInfo is 200 ,The size of ExplorerInfo is 0, The memory size of ExplorerInfo is 0
03-16 14:48:29.990   928   928 D vendor.oplus.hardware.rpmh@2.0-service: getPowerStateSubsystemSleepState
03-16 14:48:29.990   928   928 D vendor.oplus.hardware.rpmh@2.0-service: file path: 
03-16 14:48:29.990   928   928 E vendor.oplus.hardware.rpmh@2.0-service: file path is empty
03-16 14:48:29.990 22940 28932 E HandleFactory: Failed to get IHandleFactory hal service, null
03-16 14:48:29.991   928   928 D vendor.oplus.hardware.rpmh@2.0-service: getPowerStateSubsystemSleepState
03-16 14:48:29.991   928   928 D vendor.oplus.hardware.rpmh@2.0-service: file path: 
03-16 14:48:29.991   928   928 E vendor.oplus.hardware.rpmh@2.0-service: file path is empty
03-16 14:48:29.991   928   928 D vendor.oplus.hardware.rpmh@2.0-service: getPowerStateSubsystemSleepState
03-16 14:48:29.991   928   928 D vendor.oplus.hardware.rpmh@2.0-service: file path: 
03-16 14:48:29.991   928   928 E vendor.oplus.hardware.rpmh@2.0-service: file path is empty
03-16 14:48:29.991  3376  3403 D midasd  : rm 444, fcc 3928, pchq 842, reset 45, level 12, usb 475
03-16 14:48:29.991   928   928 D vendor.oplus.hardware.rpmh@2.0-service: getPowerStateSubsystemSleepState
03-16 14:48:29.991   928   928 D vendor.oplus.hardware.rpmh@2.0-service: file path: 
03-16 14:48:29.991   928   928 E vendor.oplus.hardware.rpmh@2.0-service: file path is empty
03-16 14:48:29.991   928   928 D vendor.oplus.hardware.rpmh@2.0-service: getPowerStateSubsystemSleepState
03-16 14:48:29.991   928   928 D vendor.oplus.hardware.rpmh@2.0-service: file path: 
03-16 14:48:29.991   928   928 E vendor.oplus.hardware.rpmh@2.0-service: file path is empty
03-16 14:48:29.991   588   588 I hwservicemanager: getTransport: Cannot find entry vendor.oplus.hardware.handlefactory@1.0::IHandleFactory/default in either framework or device VINTF manifest.
03-16 14:48:29.992   928   928 D vendor.oplus.hardware.rpmh@2.0-service: getPowerStateSubsystemSleepState
03-16 14:48:29.992   928   928 D vendor.oplus.hardware.rpmh@2.0-service: file path: 
03-16 14:48:29.992   928   928 E vendor.oplus.hardware.rpmh@2.0-service: file path is empty
03-16 14:48:29.992 22940 28922 E HandleFactory: Failed to get IHandleFactory hal service, null
03-16 14:48:29.992   928   928 D vendor.oplus.hardware.rpmh@2.0-service: getPowerStateSubsystemSleepState
03-16 14:48:29.992   928   928 D vendor.oplus.hardware.rpmh@2.0-service: file path: 
03-16 14:48:29.992   928   928 E vendor.oplus.hardware.rpmh@2.0-service: file path is empty
03-16 14:48:29.992   928   928 D vendor.oplus.hardware.rpmh@2.0-service: getPowerStateSubsystemSleepState
03-16 14:48:29.992   928   928 D vendor.oplus.hardware.rpmh@2.0-service: file path: 
03-16 14:48:29.992   928   928 E vendor.oplus.hardware.rpmh@2.0-service: file path is empty
03-16 14:48:29.992  2580  6625 W Battery : ThermalControllHandler: tempLevel=2,userMode=2,gameUserMode=-1,appType=-1,envTempType=0,appStates=[]
03-16 14:48:29.992   928   928 D vendor.oplus.hardware.rpmh@2.0-service: getPowerStateSubsystemSleepState
03-16 14:48:29.992   928   928 D vendor.oplus.hardware.rpmh@2.0-service: file path: 
03-16 14:48:29.992   928   928 E vendor.oplus.hardware.rpmh@2.0-service: file path is empty
03-16 14:48:29.992  1539  4477 D OplusGameRotationService: lockRotationInGame: change state to 0
03-16 14:48:29.992  2580  6625 W Battery : ThermalControllHandler: tempGear=2,configItemName=common_config
03-16 14:48:29.992   928   928 D vendor.oplus.hardware.rpmh@2.0-service: getPowerStateSubsystemSleepState
03-16 14:48:29.992   928   928 D vendor.oplus.hardware.rpmh@2.0-service: file path: 
03-16 14:48:29.992   928   928 E vendor.oplus.hardware.rpmh@2.0-service: file path is empty
03-16 14:48:29.993  2580  4827 W Battery : ThermalControllHandler: MSG_THERMAL_CONTROL_CATEGORY_CHANGED
03-16 14:48:29.993   588   588 I hwservicemanager: getTransport: Cannot find entry vendor.oplus.hardware.handlefactory@1.0::IHandleFactory/default in either framework or device VINTF manifest.
03-16 14:48:29.993 22940 28932 E HandleFactory: Failed to get IHandleFactory hal service, null
03-16 14:48:29.998  3377  3409 E oiface  : get gpu freq table failed
03-16 14:48:30.000  3377  3409 E oiface  : get gpu freq table failed
